<html>
<body>
<pre>
<h1>µVision Build Log</h1>
<h2>Tool Versions:</h2>
IDE-Version: µVision V5.26.2.0
Copyright (C) 2018 ARM Ltd and ARM Germany GmbH. All rights reserved.
License Information: phong nguyen, petech, LIC=PE7DY-IJ3XJ-UHH8H-WYM45-DCALX-NBJU9
 
Tool Versions:
Toolchain:       MDK-ARM Plus  Version: 5.26.2.0
Toolchain Path:  C:\Keil_v5\ARM\ARMCC\Bin
C Compiler:      Armcc.exe V5.06 update 6 (build 750)
Assembler:       Armasm.exe V5.06 update 6 (build 750)
Linker/Locator:  ArmLink.exe V5.06 update 6 (build 750)
Library Manager: ArmAr.exe V5.06 update 6 (build 750)
Hex Converter:   FromElf.exe V5.06 update 6 (build 750)
CPU DLL:         SARMCM3.DLL V5.26.2.0
Dialog DLL:      DCM.DLL V1.17.2.0
Target DLL:      Segger\JL2CM3.dll V2.99.31.0
Dialog DLL:      TCM.DLL V1.36.1.0
 
<h2>Project:</h2>
D:\OneDrive - Industrial University of HoChiMinh City\FIRMWARE\2018-2019\GIT\SENSOR_NODE_IOT\SensorNode\01-EXAMPLE_HTTP_RTOS.uvprojx
Project File Date:  04/18/2019

<h2>Output:</h2>
*** Using Compiler 'V5.06 update 6 (build 750)', folder: 'C:\Keil_v5\ARM\ARMCC\Bin'
Build target 'STM32F4_DISCOVERY'
compiling main.c...
User\main.c(98): warning:  #188-D: enumerated type mixed with another type
  		TM_ADC_Init(ADC1, ADC_CHANNEL_0);
User\main.c(170): warning:  #188-D: enumerated type mixed with another type
  	adcValue=(lowpass_filter(TM_ADC_Read(ADC1, ADC_CHANNEL_0),&yo, RC_ADC)-2000)*100/570;
User\main.c(293): warning:  #1035-D: single-precision operand implicitly converted to double-precision
  	y = *y0 + Tx* (x - *y0)/(Tx + RC);
User\main.c(293): warning:  #1035-D: single-precision operand implicitly converted to double-precision
  	y = *y0 + Tx* (x - *y0)/(Tx + RC);
User\main.c(441): warning:  #167-D: argument of type "uint8_t *" is incompatible with parameter of type "const char *restrict"
                                          printf(receive);
User\main.c(512): warning:  #167-D: argument of type "uint8_t *" is incompatible with parameter of type "const char *"
  									gsmRes = GSM_SMS_Send(&GSM, SMS_Entry.Number, send_sms, 1);
User\main.c(976): warning:  #167-D: argument of type "uint8_t *" is incompatible with parameter of type "const char *restrict"
                                          printf(receive);
User\main.c(1020): warning:  #167-D: argument of type "uint8_t *" is incompatible with parameter of type "const char *restrict"
                                          printf(receive);
User\main.c(1065): warning:  #167-D: argument of type "uint8_t *" is incompatible with parameter of type "const char *restrict"
                                          printf(receive);
User\main.c(1109): warning:  #167-D: argument of type "uint8_t *" is incompatible with parameter of type "const char *restrict"
                                          printf(receive);
User\main.c(1153): warning:  #167-D: argument of type "uint8_t *" is incompatible with parameter of type "const char *restrict"
                                          printf(receive);
User\main.c(87): warning:  #177-D: function "MX_RTC_Init"  was declared but never referenced
  static void MX_RTC_Init(void);
User\main.c: 12 warnings, 0 errors
linking...
Program Size: Code=97386 RO-data=726 RW-data=5680 ZI-data=23544  
FromELF: creating hex file...
".\Targets\STM32F4_DISCOVERY\project.axf" - 0 Error(s), 12 Warning(s).

<h2>Software Packages used:</h2>

Package Vendor: Keil
                http://www.keil.com/pack/Keil.STM32F4xx_DFP.2.13.0.pack
                Keil.STM32F4xx_DFP.2.13.0
                STMicroelectronics STM32F4 Series Device Support, Drivers and Examples

<h2>Collection of Component include folders:</h2>
  .\RTE\_STM32F4_DISCOVERY
  C:\Keil_v5\ARM\PACK\Keil\STM32F4xx_DFP\2.13.0\Drivers\CMSIS\Device\ST\STM32F4xx\Include

<h2>Collection of Component Files used:</h2>
Build Time Elapsed:  00:00:04
</pre>
</body>
</html>
