Component: ARM Compiler 5.06 update 6 (build 750) Tool: armlink [4d35ed]

==============================================================================

Section Cross References

    startup_stm32f407xx.o(RESET) refers to startup_stm32f407xx.o(STACK) for __initial_sp
    startup_stm32f407xx.o(RESET) refers to startup_stm32f407xx.o(.text) for Reset_Handler
    startup_stm32f407xx.o(RESET) refers to stm32fxxx_it.o(.text) for NMI_Handler
    startup_stm32f407xx.o(RESET) refers to port_cm4.o(.emb_text) for SVC_Handler
    startup_stm32f407xx.o(RESET) refers to tm_stm32_rtc.o(.text) for RTC_WKUP_IRQHandler
    startup_stm32f407xx.o(RESET) refers to tm_stm32_dma.o(.text) for DMA1_Stream0_IRQHandler
    startup_stm32f407xx.o(RESET) refers to tm_stm32_usart.o(.text) for USART1_IRQHandler
    startup_stm32f407xx.o(.text) refers to system_stm32f4xx.o(.text) for SystemInit
    startup_stm32f407xx.o(.text) refers to entry.o(.ARM.Collect$$$$00000000) for __main
    stm32f4xx_hal.o(.text) refers to stm32f4xx_hal_rcc.o(.text) for HAL_RCC_GetHCLKFreq
    stm32f4xx_hal.o(.text) refers to stm32f4xx_hal_cortex.o(.text) for HAL_SYSTICK_Config
    stm32f4xx_hal.o(.text) refers to memseta.o(.text) for __aeabi_memclr4
    stm32f4xx_hal.o(.text) refers to stm32f4xx_hal_gpio.o(.text) for HAL_GPIO_Init
    stm32f4xx_hal.o(.text) refers to tm_stm32_delay.o(.text) for HAL_GetTick
    stm32f4xx_hal.o(.text) refers to stm32f4xx_hal.o(.data) for uwTick
    stm32f4xx_hal_dma.o(.text) refers to tm_stm32_delay.o(.text) for HAL_GetTick
    stm32f4xx_hal_dma.o(.text) refers to stm32f4xx_hal_dma.o(.constdata) for flagBitshiftOffset
    stm32f4xx_hal_pwr_ex.o(.text) refers to tm_stm32_delay.o(.text) for HAL_GetTick
    stm32f4xx_hal_rcc.o(.text) refers to tm_stm32_delay.o(.text) for HAL_GetTick
    stm32f4xx_hal_rcc.o(.text) refers to stm32f4xx_hal.o(.text) for HAL_InitTick
    stm32f4xx_hal_rcc.o(.text) refers to stm32f4xx_hal_gpio.o(.text) for HAL_GPIO_Init
    stm32f4xx_hal_rcc.o(.text) refers to stm32f4xx_hal_rcc.o(.constdata) for APBAHBPrescTable
    stm32f4xx_hal_rcc.o(.text) refers to system_stm32f4xx.o(.data) for SystemCoreClock
    stm32f4xx_hal_uart.o(.text) refers to stm32f4xx_hal_rcc.o(.text) for HAL_RCC_GetPCLK2Freq
    stm32f4xx_hal_uart.o(.text) refers to tm_stm32_delay.o(.text) for HAL_GetTick
    stm32f4xx_hal_uart.o(.text) refers to stm32f4xx_hal_dma.o(.text) for HAL_DMA_Start_IT
    stm32f4xx_hal_usart.o(.text) refers to stm32f4xx_hal_rcc.o(.text) for HAL_RCC_GetPCLK2Freq
    stm32f4xx_hal_usart.o(.text) refers to tm_stm32_delay.o(.text) for HAL_GetTick
    stm32f4xx_hal_usart.o(.text) refers to stm32f4xx_hal_dma.o(.text) for HAL_DMA_Start_IT
    stm32f4xx_hal_rtc.o(.text) refers to tm_stm32_delay.o(.text) for HAL_GetTick
    stm32f4xx_hal_rtc.o(.text) refers to stm32f4xx_hal_rtc_ex.o(.text) for HAL_RTCEx_AlarmBEventCallback
    stm32f4xx_hal_rtc_ex.o(.text) refers to stm32f4xx_hal_rtc.o(.text) for RTC_Bcd2ToByte
    stm32f4xx_hal_rtc_ex.o(.text) refers to tm_stm32_delay.o(.text) for HAL_GetTick
    stm32f4xx_hal_rcc_ex.o(.text) refers to tm_stm32_delay.o(.text) for HAL_GetTick
    stm32f4xx_hal_adc.o(.text) refers to tm_stm32_delay.o(.text) for HAL_GetTick
    stm32f4xx_hal_adc.o(.text) refers to system_stm32f4xx.o(.data) for SystemCoreClock
    stm32f4xx_hal_adc.o(.text) refers to stm32f4xx_hal_adc_ex.o(.text) for HAL_ADCEx_InjectedConvCpltCallback
    stm32f4xx_hal_adc.o(.text) refers to stm32f4xx_hal_dma.o(.text) for HAL_DMA_Start_IT
    stm32f4xx_hal_adc_ex.o(.text) refers to tm_stm32_delay.o(.text) for HAL_GetTick
    stm32f4xx_hal_adc_ex.o(.text) refers to stm32f4xx_hal_adc.o(.text) for HAL_ADC_ErrorCallback
    stm32f4xx_hal_adc_ex.o(.text) refers to stm32f4xx_hal_dma.o(.text) for HAL_DMA_Start_IT
    stm32f4xx_hal_adc_ex.o(.text) refers to system_stm32f4xx.o(.data) for SystemCoreClock
    stm32f4xx_hal_tim.o(.text) refers to stm32f4xx_hal_dma.o(.text) for HAL_DMA_Start_IT
    stm32f4xx_hal_tim.o(.text) refers to stm32f4xx_hal_tim_ex.o(.text) for HAL_TIMEx_BreakCallback
    stm32f4xx_hal_tim_ex.o(.text) refers to stm32f4xx_hal_tim.o(.text) for TIM_Base_SetConfig
    stm32f4xx_hal_tim_ex.o(.text) refers to stm32f4xx_hal_dma.o(.text) for HAL_DMA_Start_IT
    tm_stm32_buffer.o(.text) refers to memseta.o(.text) for __aeabi_memclr4
    tm_stm32_buffer.o(.text) refers to malloc.o(i.malloc) for malloc
    tm_stm32_buffer.o(.text) refers to malloc.o(i.free) for free
    tm_stm32_buffer.o(.text) refers to strlen.o(.text) for strlen
    tm_stm32_delay.o(.text) refers to malloc.o(i.malloc) for malloc
    tm_stm32_delay.o(.text) refers to malloc.o(i.free) for free
    tm_stm32_delay.o(.text) refers to main.o(.text) for TM_DELAY_1msHandler
    tm_stm32_delay.o(.text) refers to tm_stm32_delay.o(.bss) for CustomTimers
    tm_stm32_delay.o(.text) refers to tm_stm32_delay.o(.data) for TM_Time
    tm_stm32_disco.o(.text) refers to tm_stm32_gpio.o(.text) for TM_GPIO_Init
[...]
    HAL_NVIC_SetPriorityGrouping             0x080004f1   Thumb Code    36  stm32f4xx_hal_cortex.o(.text)
    HAL_NVIC_SetPriority                     0x08000515   Thumb Code   124  stm32f4xx_hal_cortex.o(.text)
    HAL_NVIC_EnableIRQ                       0x08000591   Thumb Code    26  stm32f4xx_hal_cortex.o(.text)
    HAL_NVIC_DisableIRQ                      0x080005ab   Thumb Code    22  stm32f4xx_hal_cortex.o(.text)
    HAL_NVIC_SystemReset                     0x080005c1   Thumb Code    64  stm32f4xx_hal_cortex.o(.text)
    HAL_SYSTICK_Config                       0x08000601   Thumb Code    52  stm32f4xx_hal_cortex.o(.text)
    HAL_MPU_ConfigRegion                     0x08000635   Thumb Code    90  stm32f4xx_hal_cortex.o(.text)
    HAL_NVIC_GetPriorityGrouping             0x0800068f   Thumb Code     8  stm32f4xx_hal_cortex.o(.text)
    HAL_NVIC_GetPriority                     0x08000697   Thumb Code   138  stm32f4xx_hal_cortex.o(.text)
    HAL_NVIC_SetPendingIRQ                   0x08000721   Thumb Code    24  stm32f4xx_hal_cortex.o(.text)
    HAL_NVIC_GetPendingIRQ                   0x08000739   Thumb Code    38  stm32f4xx_hal_cortex.o(.text)
    HAL_NVIC_ClearPendingIRQ                 0x0800075f   Thumb Code    22  stm32f4xx_hal_cortex.o(.text)
    HAL_NVIC_GetActive                       0x08000775   Thumb Code    38  stm32f4xx_hal_cortex.o(.text)
    HAL_SYSTICK_CLKSourceConfig              0x0800079b   Thumb Code    40  stm32f4xx_hal_cortex.o(.text)
    HAL_SYSTICK_Callback                     0x080007c3   Thumb Code     2  stm32f4xx_hal_cortex.o(.text)
    HAL_SYSTICK_IRQHandler                   0x080007c5   Thumb Code     8  stm32f4xx_hal_cortex.o(.text)
    HAL_DMA_Init                             0x0800081b   Thumb Code   128  stm32f4xx_hal_dma.o(.text)
    HAL_DMA_DeInit                           0x0800089b   Thumb Code   100  stm32f4xx_hal_dma.o(.text)
    HAL_DMA_Start                            0x0800092b   Thumb Code    82  stm32f4xx_hal_dma.o(.text)
    HAL_DMA_Start_IT                         0x0800097d   Thumb Code   106  stm32f4xx_hal_dma.o(.text)
    HAL_DMA_Abort                            0x080009e7   Thumb Code    94  stm32f4xx_hal_dma.o(.text)
    HAL_DMA_PollForTransfer                  0x08000a45   Thumb Code   412  stm32f4xx_hal_dma.o(.text)
    HAL_DMA_IRQHandler                       0x08000be1   Thumb Code   530  stm32f4xx_hal_dma.o(.text)
    HAL_DMA_GetState                         0x08000df3   Thumb Code     8  stm32f4xx_hal_dma.o(.text)
    HAL_DMA_GetError                         0x08000dfb   Thumb Code     6  stm32f4xx_hal_dma.o(.text)
    HAL_GPIO_Init                            0x08000e05   Thumb Code   472  stm32f4xx_hal_gpio.o(.text)
    HAL_GPIO_DeInit                          0x08000fdd   Thumb Code   326  stm32f4xx_hal_gpio.o(.text)
    HAL_GPIO_ReadPin                         0x08001123   Thumb Code    16  stm32f4xx_hal_gpio.o(.text)
    HAL_GPIO_WritePin                        0x08001133   Thumb Code    12  stm32f4xx_hal_gpio.o(.text)
    HAL_GPIO_TogglePin                       0x0800113f   Thumb Code     8  stm32f4xx_hal_gpio.o(.text)
    HAL_GPIO_LockPin                         0x08001147   Thumb Code    46  stm32f4xx_hal_gpio.o(.text)
    HAL_GPIO_EXTI_Callback                   0x08001175   Thumb Code     2  stm32f4xx_hal_gpio.o(.text)
    HAL_GPIO_EXTI_IRQHandler                 0x08001177   Thumb Code    28  stm32f4xx_hal_gpio.o(.text)
    HAL_PWR_DeInit                           0x080011c5   Thumb Code    24  stm32f4xx_hal_pwr.o(.text)
    HAL_PWR_EnableBkUpAccess                 0x080011dd   Thumb Code    20  stm32f4xx_hal_pwr.o(.text)
    HAL_PWR_DisableBkUpAccess                0x080011f1   Thumb Code    22  stm32f4xx_hal_pwr.o(.text)
    HAL_PWR_ConfigPVD                        0x08001207   Thumb Code   172  stm32f4xx_hal_pwr.o(.text)
    HAL_PWR_EnablePVD                        0x080012b3   Thumb Code    20  stm32f4xx_hal_pwr.o(.text)
    HAL_PWR_DisablePVD                       0x080012c7   Thumb Code    20  stm32f4xx_hal_pwr.o(.text)
    HAL_PWR_EnableWakeUpPin                  0x080012db   Thumb Code    12  stm32f4xx_hal_pwr.o(.text)
    HAL_PWR_DisableWakeUpPin                 0x080012e7   Thumb Code    12  stm32f4xx_hal_pwr.o(.text)
    HAL_PWR_EnterSLEEPMode                   0x080012f3   Thumb Code    28  stm32f4xx_hal_pwr.o(.text)
    HAL_PWR_EnterSTOPMode                    0x0800130f   Thumb Code    54  stm32f4xx_hal_pwr.o(.text)
    HAL_PWR_EnterSTANDBYMode                 0x08001345   Thumb Code    32  stm32f4xx_hal_pwr.o(.text)
    HAL_PWR_PVDCallback                      0x08001365   Thumb Code     2  stm32f4xx_hal_pwr.o(.text)
    HAL_PWR_PVD_IRQHandler                   0x08001367   Thumb Code    30  stm32f4xx_hal_pwr.o(.text)
    HAL_PWR_EnableSleepOnExit                0x08001385   Thumb Code    14  stm32f4xx_hal_pwr.o(.text)
    HAL_PWR_DisableSleepOnExit               0x08001393   Thumb Code    14  stm32f4xx_hal_pwr.o(.text)
    HAL_PWR_EnableSEVOnPend                  0x080013a1   Thumb Code    14  stm32f4xx_hal_pwr.o(.text)
    HAL_PWR_DisableSEVOnPend                 0x080013af   Thumb Code    14  stm32f4xx_hal_pwr.o(.text)
    HAL_RCC_OscConfig                        0x080013d3   Thumb Code  1028  stm32f4xx_hal_rcc.o(.text)
    HAL_RCC_ClockConfig                      0x080017d7   Thumb Code   680  stm32f4xx_hal_rcc.o(.text)
    HAL_RCC_MCOConfig                        0x08001a7f   Thumb Code   170  stm32f4xx_hal_rcc.o(.text)
    HAL_RCC_EnableCSS                        0x08001b29   Thumb Code     8  stm32f4xx_hal_rcc.o(.text)
    HAL_RCC_DisableCSS                       0x08001b31   Thumb Code     8  stm32f4xx_hal_rcc.o(.text)
    HAL_RCC_GetSysClockFreq                  0x08001b39   Thumb Code   196  stm32f4xx_hal_rcc.o(.text)
    HAL_RCC_GetHCLKFreq                      0x08001bfd   Thumb Code    42  stm32f4xx_hal_rcc.o(.text)
    HAL_RCC_GetPCLK1Freq                     0x08001c27   Thumb Code    36  stm32f4xx_hal_rcc.o(.text)
    HAL_RCC_GetPCLK2Freq                     0x08001c4b   Thumb Code    36  stm32f4xx_hal_rcc.o(.text)
    HAL_RCC_GetOscConfig                     0x08001c6f   Thumb Code   296  stm32f4xx_hal_rcc.o(.text)
    HAL_RCC_GetClockConfig                   0x08001d97   Thumb Code    58  stm32f4xx_hal_rcc.o(.text)
    HAL_RCC_CSSCallback                      0x08001dd1   Thumb Code     2  stm32f4xx_hal_rcc.o(.text)
    HAL_RCC_NMI_IRQHandler                   0x08001dd3   Thumb Code    30  stm32f4xx_hal_rcc.o(.text)
    HAL_UART_MspInit                         0x0800201f   Thumb Code     2  stm32f4xx_hal_uart.o(.text)
    HAL_UART_Init                            0x08002021   Thumb Code   110  stm32f4xx_hal_uart.o(.text)
    HAL_HalfDuplex_Init                      0x0800208f   Thumb Code   114  stm32f4xx_hal_uart.o(.text)
    HAL_LIN_Init                             0x08002101   Thumb Code   138  stm32f4xx_hal_uart.o(.text)
    HAL_MultiProcessor_Init                  0x0800218b   Thumb Code   150  stm32f4xx_hal_uart.o(.text)
    HAL_UART_MspDeInit                       0x08002221   Thumb Code     2  stm32f4xx_hal_uart.o(.text)
    HAL_UART_DeInit                          0x08002223   Thumb Code    50  stm32f4xx_hal_uart.o(.text)
    HAL_UART_Transmit                        0x0800234f   Thumb Code   240  stm32f4xx_hal_uart.o(.text)
    HAL_UART_Receive                         0x0800243f   Thumb Code   248  stm32f4xx_hal_uart.o(.text)
    HAL_UART_Transmit_IT                     0x08002537   Thumb Code   134  stm32f4xx_hal_uart.o(.text)
    HAL_UART_Receive_IT                      0x080025bd   Thumb Code   134  stm32f4xx_hal_uart.o(.text)
    HAL_UART_ErrorCallback                   0x08002643   Thumb Code     2  stm32f4xx_hal_uart.o(.text)
    HAL_UART_TxHalfCpltCallback              0x08002667   Thumb Code     2  stm32f4xx_hal_uart.o(.text)
    HAL_UART_TxCpltCallback                  0x08002677   Thumb Code     2  stm32f4xx_hal_uart.o(.text)
    HAL_UART_Transmit_DMA                    0x080026af   Thumb Code   156  stm32f4xx_hal_uart.o(.text)
    HAL_UART_RxHalfCpltCallback              0x0800274b   Thumb Code     2  stm32f4xx_hal_uart.o(.text)
    HAL_UART_RxCpltCallback                  0x0800275b   Thumb Code     2  stm32f4xx_hal_uart.o(.text)
    HAL_UART_Receive_DMA                     0x0800279b   Thumb Code   146  stm32f4xx_hal_uart.o(.text)
    HAL_UART_DMAPause                        0x0800282d   Thumb Code   114  stm32f4xx_hal_uart.o(.text)
    HAL_UART_DMAResume                       0x0800289f   Thumb Code   152  stm32f4xx_hal_uart.o(.text)
    HAL_UART_DMAStop                         0x08002937   Thumb Code    58  stm32f4xx_hal_uart.o(.text)
    HAL_UART_IRQHandler                      0x08002af9   Thumb Code   288  stm32f4xx_hal_uart.o(.text)
    HAL_LIN_SendBreak                        0x08002c19   Thumb Code    62  stm32f4xx_hal_uart.o(.text)
    HAL_MultiProcessor_EnterMuteMode         0x08002c57   Thumb Code    62  stm32f4xx_hal_uart.o(.text)
    HAL_MultiProcessor_ExitMuteMode          0x08002c95   Thumb Code    62  stm32f4xx_hal_uart.o(.text)
    HAL_HalfDuplex_EnableTransmitter         0x08002cd3   Thumb Code    68  stm32f4xx_hal_uart.o(.text)
    HAL_HalfDuplex_EnableReceiver            0x08002d17   Thumb Code    68  stm32f4xx_hal_uart.o(.text)
    HAL_UART_GetState                        0x08002d5b   Thumb Code     8  stm32f4xx_hal_uart.o(.text)
    HAL_UART_GetError                        0x08002d63   Thumb Code     6  stm32f4xx_hal_uart.o(.text)
    RTC_EnterInitMode                        0x08002d69   Thumb Code    62  stm32f4xx_hal_rtc.o(.text)
    HAL_RTC_MspInit                          0x08002da7   Thumb Code     2  stm32f4xx_hal_rtc.o(.text)
    HAL_RTC_Init                             0x08002da9   Thumb Code   176  stm32f4xx_hal_rtc.o(.text)
    HAL_RTC_MspDeInit                        0x08002e59   Thumb Code     2  stm32f4xx_hal_rtc.o(.text)
    HAL_RTC_WaitForSynchro                   0x08002e5b   Thumb Code    58  stm32f4xx_hal_rtc.o(.text)
    HAL_RTC_DeInit                           0x08002e95   Thumb Code   254  stm32f4xx_hal_rtc.o(.text)
    RTC_Bcd2ToByte                           0x08002f93   Thumb Code    22  stm32f4xx_hal_rtc.o(.text)
    RTC_ByteToBcd2                           0x08002fa9   Thumb Code    26  stm32f4xx_hal_rtc.o(.text)
    HAL_RTC_SetTime                          0x08002fc3   Thumb Code   304  stm32f4xx_hal_rtc.o(.text)
    HAL_RTC_GetTime                          0x080030f3   Thumb Code    92  stm32f4xx_hal_rtc.o(.text)
    HAL_RTC_SetDate                          0x0800314f   Thumb Code   284  stm32f4xx_hal_rtc.o(.text)
    HAL_RTC_GetDate                          0x0800326b   Thumb Code    72  stm32f4xx_hal_rtc.o(.text)
    HAL_RTC_SetAlarm                         0x080032b3   Thumb Code   488  stm32f4xx_hal_rtc.o(.text)
    HAL_RTC_SetAlarm_IT                      0x0800349b   Thumb Code   554  stm32f4xx_hal_rtc.o(.text)
    HAL_RTC_DeactivateAlarm                  0x080036c5   Thumb Code   244  stm32f4xx_hal_rtc.o(.text)
    HAL_RTC_GetAlarm                         0x080037b9   Thumb Code   154  stm32f4xx_hal_rtc.o(.text)
    HAL_RTC_AlarmAEventCallback              0x08003853   Thumb Code     2  stm32f4xx_hal_rtc.o(.text)
    HAL_RTC_AlarmIRQHandler                  0x08003855   Thumb Code   104  stm32f4xx_hal_rtc.o(.text)
    HAL_RTC_PollForAlarmAEvent               0x080038bd   Thumb Code    74  stm32f4xx_hal_rtc.o(.text)
    HAL_RTC_GetState                         0x08003907   Thumb Code     6  stm32f4xx_hal_rtc.o(.text)
    HAL_RTCEx_SetTimeStamp                   0x08003911   Thumb Code   122  stm32f4xx_hal_rtc_ex.o(.text)
    HAL_RTCEx_SetTimeStamp_IT                0x0800398b   Thumb Code   162  stm32f4xx_hal_rtc_ex.o(.text)
    HAL_RTCEx_DeactivateTimeStamp            0x08003a2d   Thumb Code    96  stm32f4xx_hal_rtc_ex.o(.text)
    HAL_RTCEx_GetTimeStamp                   0x08003a8d   Thumb Code   166  stm32f4xx_hal_rtc_ex.o(.text)
    HAL_RTCEx_SetTamper                      0x08003b33   Thumb Code   124  stm32f4xx_hal_rtc_ex.o(.text)
    HAL_RTCEx_SetTamper_IT                   0x08003baf   Thumb Code   160  stm32f4xx_hal_rtc_ex.o(.text)
    HAL_RTCEx_DeactivateTamper               0x08003c4f   Thumb Code    50  stm32f4xx_hal_rtc_ex.o(.text)
    HAL_RTCEx_Tamper2EventCallback           0x08003c81   Thumb Code     2  stm32f4xx_hal_rtc_ex.o(.text)
    HAL_RTCEx_Tamper1EventCallback           0x08003c83   Thumb Code     2  stm32f4xx_hal_rtc_ex.o(.text)
    HAL_RTCEx_TimeStampEventCallback         0x08003c85   Thumb Code     2  stm32f4xx_hal_rtc_ex.o(.text)
    HAL_RTCEx_TamperTimeStampIRQHandler      0x08003c87   Thumb Code   146  stm32f4xx_hal_rtc_ex.o(.text)
    HAL_RTCEx_PollForTimeStampEvent          0x08003d19   Thumb Code    92  stm32f4xx_hal_rtc_ex.o(.text)
    HAL_RTCEx_PollForTamper1Event            0x08003d75   Thumb Code    74  stm32f4xx_hal_rtc_ex.o(.text)
    HAL_RTCEx_PollForTamper2Event            0x08003dbf   Thumb Code    86  stm32f4xx_hal_rtc_ex.o(.text)
    HAL_RTCEx_SetWakeUpTimer                 0x08003e15   Thumb Code   254  stm32f4xx_hal_rtc_ex.o(.text)
    HAL_RTCEx_SetWakeUpTimer_IT              0x08003f13   Thumb Code   294  stm32f4xx_hal_rtc_ex.o(.text)
    HAL_RTCEx_DeactivateWakeUpTimer          0x08004039   Thumb Code   152  stm32f4xx_hal_rtc_ex.o(.text)
    HAL_RTCEx_GetWakeUpTimer                 0x080040d1   Thumb Code    10  stm32f4xx_hal_rtc_ex.o(.text)
    HAL_RTCEx_WakeUpTimerEventCallback       0x080040db   Thumb Code     2  stm32f4xx_hal_rtc_ex.o(.text)
    HAL_RTCEx_WakeUpTimerIRQHandler          0x080040dd   Thumb Code    62  stm32f4xx_hal_rtc_ex.o(.text)
    HAL_RTCEx_PollForWakeUpTimerEvent        0x0800411b   Thumb Code    74  stm32f4xx_hal_rtc_ex.o(.text)
    HAL_RTCEx_BKUPWrite                      0x08004165   Thumb Code    18  stm32f4xx_hal_rtc_ex.o(.text)
    HAL_RTCEx_BKUPRead                       0x08004177   Thumb Code    18  stm32f4xx_hal_rtc_ex.o(.text)
    HAL_RTCEx_SetCoarseCalib                 0x08004189   Thumb Code   138  stm32f4xx_hal_rtc_ex.o(.text)
    HAL_RTCEx_DeactivateCoarseCalib          0x08004213   Thumb Code   126  stm32f4xx_hal_rtc_ex.o(.text)
    HAL_RTCEx_SetSmoothCalib                 0x08004291   Thumb Code   162  stm32f4xx_hal_rtc_ex.o(.text)
    HAL_RTCEx_SetSynchroShift                0x08004333   Thumb Code   230  stm32f4xx_hal_rtc_ex.o(.text)
    HAL_RTCEx_SetCalibrationOutPut           0x08004419   Thumb Code   100  stm32f4xx_hal_rtc_ex.o(.text)
    HAL_RTCEx_DeactivateCalibrationOutPut    0x0800447d   Thumb Code    78  stm32f4xx_hal_rtc_ex.o(.text)
    HAL_RTCEx_SetRefClock                    0x080044cb   Thumb Code   126  stm32f4xx_hal_rtc_ex.o(.text)
    HAL_RTCEx_DeactivateRefClock             0x08004549   Thumb Code   126  stm32f4xx_hal_rtc_ex.o(.text)
    HAL_RTCEx_EnableBypassShadow             0x080045c7   Thumb Code    78  stm32f4xx_hal_rtc_ex.o(.text)
    HAL_RTCEx_DisableBypassShadow            0x08004615   Thumb Code    78  stm32f4xx_hal_rtc_ex.o(.text)
    HAL_RTCEx_AlarmBEventCallback            0x08004663   Thumb Code     2  stm32f4xx_hal_rtc_ex.o(.text)
    HAL_RTCEx_PollForAlarmBEvent             0x08004665   Thumb Code    74  stm32f4xx_hal_rtc_ex.o(.text)
    HAL_RCC_DeInit                           0x080046b1   Thumb Code    96  stm32f4xx_hal_rcc_ex.o(.text)
    HAL_RCCEx_PeriphCLKConfig                0x08004711   Thumb Code   400  stm32f4xx_hal_rcc_ex.o(.text)
    HAL_RCCEx_GetPeriphCLKConfig             0x080048a1   Thumb Code    80  stm32f4xx_hal_rcc_ex.o(.text)
    HAL_ADC_MspInit                          0x08004a7b   Thumb Code     2  stm32f4xx_hal_adc.o(.text)
    HAL_ADC_Init                             0x08004a7d   Thumb Code    74  stm32f4xx_hal_adc.o(.text)
    HAL_ADC_MspDeInit                        0x08004ac7   Thumb Code     2  stm32f4xx_hal_adc.o(.text)
    HAL_ADC_DeInit                           0x08004ac9   Thumb Code    34  stm32f4xx_hal_adc.o(.text)
    HAL_ADC_Start                            0x08004aeb   Thumb Code   182  stm32f4xx_hal_adc.o(.text)
    HAL_ADC_Stop                             0x08004ba1   Thumb Code    24  stm32f4xx_hal_adc.o(.text)
    HAL_ADC_PollForConversion                0x08004bb9   Thumb Code   130  stm32f4xx_hal_adc.o(.text)
    HAL_ADC_PollForEvent                     0x08004c3b   Thumb Code   104  stm32f4xx_hal_adc.o(.text)
    HAL_ADC_Start_IT                         0x08004ca3   Thumb Code   232  stm32f4xx_hal_adc.o(.text)
    HAL_ADC_Stop_IT                          0x08004d8b   Thumb Code    48  stm32f4xx_hal_adc.o(.text)
    HAL_ADC_ErrorCallback                    0x08004dbb   Thumb Code     2  stm32f4xx_hal_adc.o(.text)
    HAL_ADC_LevelOutOfWindowCallback         0x08004dbd   Thumb Code     2  stm32f4xx_hal_adc.o(.text)
    HAL_ADC_ConvCpltCallback                 0x08004dbf   Thumb Code     2  stm32f4xx_hal_adc.o(.text)
    HAL_ADC_IRQHandler                       0x08004dc1   Thumb Code   348  stm32f4xx_hal_adc.o(.text)
    HAL_ADC_ConvHalfCpltCallback             0x08004f39   Thumb Code     2  stm32f4xx_hal_adc.o(.text)
    HAL_ADC_Start_DMA                        0x08004f6d   Thumb Code   186  stm32f4xx_hal_adc.o(.text)
    HAL_ADC_Stop_DMA                         0x08005027   Thumb Code    56  stm32f4xx_hal_adc.o(.text)
    HAL_ADC_GetValue                         0x0800505f   Thumb Code     8  stm32f4xx_hal_adc.o(.text)
    HAL_ADC_ConfigChannel                    0x08005067   Thumb Code   416  stm32f4xx_hal_adc.o(.text)
    HAL_ADC_AnalogWDGConfig                  0x08005207   Thumb Code   132  stm32f4xx_hal_adc.o(.text)
    HAL_ADC_GetState                         0x0800528b   Thumb Code     8  stm32f4xx_hal_adc.o(.text)
    HAL_ADC_GetError                         0x08005293   Thumb Code     6  stm32f4xx_hal_adc.o(.text)
    HAL_ADCEx_InjectedStart                  0x080052ad   Thumb Code   230  stm32f4xx_hal_adc_ex.o(.text)
    HAL_ADCEx_InjectedStart_IT               0x08005393   Thumb Code   258  stm32f4xx_hal_adc_ex.o(.text)
    HAL_ADCEx_InjectedStop                   0x08005495   Thumb Code    24  stm32f4xx_hal_adc_ex.o(.text)
    HAL_ADCEx_InjectedPollForConversion      0x080054ad   Thumb Code    90  stm32f4xx_hal_adc_ex.o(.text)
    HAL_ADCEx_InjectedStop_IT                0x08005507   Thumb Code    48  stm32f4xx_hal_adc_ex.o(.text)
    HAL_ADCEx_InjectedGetValue               0x08005537   Thumb Code    70  stm32f4xx_hal_adc_ex.o(.text)
    HAL_ADCEx_MultiModeStart_DMA             0x080055cb   Thumb Code   206  stm32f4xx_hal_adc_ex.o(.text)
    HAL_ADCEx_MultiModeStop_DMA              0x08005699   Thumb Code   116  stm32f4xx_hal_adc_ex.o(.text)
    HAL_ADCEx_MultiModeGetValue              0x0800570d   Thumb Code     8  stm32f4xx_hal_adc_ex.o(.text)
    HAL_ADCEx_InjectedConvCpltCallback       0x08005715   Thumb Code     2  stm32f4xx_hal_adc_ex.o(.text)
    HAL_ADCEx_InjectedConfigChannel          0x08005717   Thumb Code   552  stm32f4xx_hal_adc_ex.o(.text)
    HAL_ADCEx_MultiModeConfigChannel         0x0800593f   Thumb Code   130  stm32f4xx_hal_adc_ex.o(.text)
    TM_BUFFER_Init                           0x080059cd   Thumb Code    68  tm_stm32_buffer.o(.text)
    TM_BUFFER_Free                           0x08005a11   Thumb Code    32  tm_stm32_buffer.o(.text)
    TM_BUFFER_Write                          0x08005a31   Thumb Code    98  tm_stm32_buffer.o(.text)
    TM_BUFFER_Read                           0x08005a93   Thumb Code    82  tm_stm32_buffer.o(.text)
    TM_BUFFER_GetFree                        0x08005ae5   Thumb Code    42  tm_stm32_buffer.o(.text)
    TM_BUFFER_GetFull                        0x08005b0f   Thumb Code    40  tm_stm32_buffer.o(.text)
    TM_BUFFER_Reset                          0x08005b37   Thumb Code    14  tm_stm32_buffer.o(.text)
    TM_BUFFER_FindElement                    0x08005b45   Thumb Code    82  tm_stm32_buffer.o(.text)
    TM_BUFFER_Find                           0x08005b97   Thumb Code   160  tm_stm32_buffer.o(.text)
    TM_BUFFER_WriteString                    0x08005c37   Thumb Code    26  tm_stm32_buffer.o(.text)
    TM_BUFFER_ReadString                     0x08005c51   Thumb Code   138  tm_stm32_buffer.o(.text)
    TM_BUFFER_CheckElement                   0x08005cdb   Thumb Code    64  tm_stm32_buffer.o(.text)
    TM_DELAY_Init                            0x08005d1d   Thumb Code    64  tm_stm32_delay.o(.text)
    TM_DELAY_TimerCreate                     0x08005d5d   Thumb Code    96  tm_stm32_delay.o(.text)
    TM_DELAY_TimerDelete                     0x08005dbd   Thumb Code   122  tm_stm32_delay.o(.text)
    TM_DELAY_TimerStop                       0x08005e37   Thumb Code    10  tm_stm32_delay.o(.text)
    TM_DELAY_TimerStart                      0x08005e41   Thumb Code    12  tm_stm32_delay.o(.text)
    TM_DELAY_TimerReset                      0x08005e4d   Thumb Code     6  tm_stm32_delay.o(.text)
    TM_DELAY_TimerAutoReloadCommand          0x08005e53   Thumb Code    18  tm_stm32_delay.o(.text)
    TM_DELAY_TimerAutoReloadValue            0x08005e65   Thumb Code     4  tm_stm32_delay.o(.text)
    HAL_IncTick                              0x08005e6b   Thumb Code   214  tm_stm32_delay.o(.text)
    HAL_GetTick                              0x08005f41   Thumb Code     6  tm_stm32_delay.o(.text)
    HAL_Delay                                0x08005f47   Thumb Code    54  tm_stm32_delay.o(.text)
    TM_DMA_ClearFlag                         0x08005f91   Thumb Code    64  tm_stm32_dma.o(.text)
    TM_DMA_ClearFlags                        0x08005fd1   Thumb Code    14  tm_stm32_dma.o(.text)
    TM_DMA_GetFlags                          0x08005fdf   Thumb Code    72  tm_stm32_dma.o(.text)
    TM_DMA_EnableInterrupts                  0x08006027   Thumb Code   100  tm_stm32_dma.o(.text)
    TM_DMA_DisableInterrupts                 0x0800608b   Thumb Code    74  tm_stm32_dma.o(.text)
    TM_DMA_Init                              0x080060d5   Thumb Code    62  tm_stm32_dma.o(.text)
    TM_DMA_DeInit                            0x08006113   Thumb Code    18  tm_stm32_dma.o(.text)
    TM_DMA_Start                             0x08006125   Thumb Code    38  tm_stm32_dma.o(.text)
    TM_DMA_TransferCompleteHandler           0x0800614b   Thumb Code     2  tm_stm32_dma.o(.text)
    TM_DMA_HalfTransferCompleteHandler       0x0800614d   Thumb Code     2  tm_stm32_dma.o(.text)
    TM_DMA_TransferErrorHandler              0x0800614f   Thumb Code     2  tm_stm32_dma.o(.text)
    TM_DMA_DirectModeErrorHandler            0x08006151   Thumb Code     2  tm_stm32_dma.o(.text)
    TM_DMA_FIFOErrorHandler                  0x08006153   Thumb Code     2  tm_stm32_dma.o(.text)
    DMA1_Stream0_IRQHandler                  0x080061d1   Thumb Code    12  tm_stm32_dma.o(.text)
    DMA1_Stream1_IRQHandler                  0x080061dd   Thumb Code    12  tm_stm32_dma.o(.text)
    DMA1_Stream2_IRQHandler                  0x080061e9   Thumb Code    12  tm_stm32_dma.o(.text)
    DMA1_Stream3_IRQHandler                  0x080061f5   Thumb Code    12  tm_stm32_dma.o(.text)
    DMA1_Stream4_IRQHandler                  0x08006201   Thumb Code    12  tm_stm32_dma.o(.text)
    DMA1_Stream5_IRQHandler                  0x0800620d   Thumb Code    12  tm_stm32_dma.o(.text)
    DMA1_Stream6_IRQHandler                  0x08006219   Thumb Code    12  tm_stm32_dma.o(.text)
    DMA1_Stream7_IRQHandler                  0x08006225   Thumb Code    12  tm_stm32_dma.o(.text)
    DMA2_Stream0_IRQHandler                  0x08006231   Thumb Code    10  tm_stm32_dma.o(.text)
    DMA2_Stream1_IRQHandler                  0x0800623b   Thumb Code    12  tm_stm32_dma.o(.text)
    DMA2_Stream2_IRQHandler                  0x08006247   Thumb Code    12  tm_stm32_dma.o(.text)
    DMA2_Stream3_IRQHandler                  0x08006253   Thumb Code    12  tm_stm32_dma.o(.text)
    DMA2_Stream4_IRQHandler                  0x0800625f   Thumb Code    12  tm_stm32_dma.o(.text)
    DMA2_Stream5_IRQHandler                  0x0800626b   Thumb Code    12  tm_stm32_dma.o(.text)
    DMA2_Stream6_IRQHandler                  0x08006277   Thumb Code    12  tm_stm32_dma.o(.text)
    DMA2_Stream7_IRQHandler                  0x08006283   Thumb Code    12  tm_stm32_dma.o(.text)
    TM_GPIO_GetPortSource                    0x080062a5   Thumb Code    14  tm_stm32_gpio.o(.text)
    TM_GPIO_INT_Init                         0x080062b3   Thumb Code   170  tm_stm32_gpio.o(.text)
    TM_GPIO_INT_EnableClock                  0x0800635d   Thumb Code    28  tm_stm32_gpio.o(.text)
    TM_GPIO_Init                             0x08006379   Thumb Code    48  tm_stm32_gpio.o(.text)
    TM_GPIO_InitAlternate                    0x080063a9   Thumb Code   110  tm_stm32_gpio.o(.text)
    TM_GPIO_DeInit                           0x08006417   Thumb Code    66  tm_stm32_gpio.o(.text)
    TM_GPIO_SetPinAsInput                    0x08006459   Thumb Code    38  tm_stm32_gpio.o(.text)
    TM_GPIO_SetPinAsOutput                   0x0800647f   Thumb Code    46  tm_stm32_gpio.o(.text)
    TM_GPIO_SetPinAsAnalog                   0x080064ad   Thumb Code    38  tm_stm32_gpio.o(.text)
    TM_GPIO_SetPinAsAlternate                0x080064d3   Thumb Code    50  tm_stm32_gpio.o(.text)
    TM_GPIO_SetPullResistor                  0x08006505   Thumb Code    50  tm_stm32_gpio.o(.text)
    TM_GPIO_Lock                             0x08006537   Thumb Code    16  tm_stm32_gpio.o(.text)
    TM_GPIO_GetPinSource                     0x08006547   Thumb Code    18  tm_stm32_gpio.o(.text)
    TM_GPIO_INT_DisableClock                 0x08006559   Thumb Code    26  tm_stm32_gpio.o(.text)
    TM_GPIO_GetUsedPins                      0x08006573   Thumb Code    18  tm_stm32_gpio.o(.text)
    TM_GPIO_GetFreePins                      0x08006585   Thumb Code    22  tm_stm32_gpio.o(.text)
    TM_RCC_InitSystem                        0x080065a5   Thumb Code   162  tm_stm32_rcc.o(.text)
    TM_RTC_GetUnixTimeStamp                  0x08006691   Thumb Code   216  tm_stm32_rtc.o(.text)
    TM_RTC_GetDateTime                       0x08006769   Thumb Code   116  tm_stm32_rtc.o(.text)
    TM_RTC_Init                              0x080067dd   Thumb Code   218  tm_stm32_rtc.o(.text)
    TM_RTC_SetDateTime                       0x080068b7   Thumb Code   520  tm_stm32_rtc.o(.text)
    TM_RTC_SetDateTimeString                 0x08006abf   Thumb Code   368  tm_stm32_rtc.o(.text)
    TM_RTC_GetDaysInMonth                    0x08006c2f   Thumb Code    86  tm_stm32_rtc.o(.text)
    TM_RTC_GetDaysInYear                     0x08006c85   Thumb Code    68  tm_stm32_rtc.o(.text)
    TM_RTC_Interrupts                        0x08006cc9   Thumb Code   192  tm_stm32_rtc.o(.text)
    TM_RTC_GetDateTimeFromUnix               0x08006d89   Thumb Code   310  tm_stm32_rtc.o(.text)
    TM_RTC_EnableAlarm                       0x08006ebf   Thumb Code   192  tm_stm32_rtc.o(.text)
    TM_RTC_DisableAlarm                      0x08006f7f   Thumb Code    32  tm_stm32_rtc.o(.text)
    TM_RTC_WriteBackupRegister               0x08006f9f   Thumb Code    10  tm_stm32_rtc.o(.text)
    TM_RTC_ReadBackupRegister                0x08006fa9   Thumb Code    12  tm_stm32_rtc.o(.text)
    TM_RTC_AlarmAHandler                     0x08006fb7   Thumb Code     2  tm_stm32_rtc.o(.text)
    TM_RTC_AlarmBHandler                     0x08006fb9   Thumb Code     2  tm_stm32_rtc.o(.text)
    RTC_WKUP_IRQHandler                      0x08006fbb   Thumb Code    48  tm_stm32_rtc.o(.text)
    RTC_Alarm_IRQHandler                     0x08006feb   Thumb Code    84  tm_stm32_rtc.o(.text)
    TM_USART_InitCustomPinsCallback          0x08007085   Thumb Code     2  tm_stm32_usart.o(.text)
    TM_USART6_InitPins                       0x08007087   Thumb Code    66  tm_stm32_usart.o(.text)
    TM_UART5_InitPins                        0x080070c9   Thumb Code    60  tm_stm32_usart.o(.text)
    TM_UART4_InitPins                        0x08007105   Thumb Code    62  tm_stm32_usart.o(.text)
    TM_USART3_InitPins                       0x08007143   Thumb Code    88  tm_stm32_usart.o(.text)
    TM_USART2_InitPins                       0x0800719b   Thumb Code    64  tm_stm32_usart.o(.text)
    TM_USART1_InitPins                       0x080071db   Thumb Code   108  tm_stm32_usart.o(.text)
    TM_USART_Init                            0x08007495   Thumb Code   190  tm_stm32_usart.o(.text)
    TM_USART_InitWithFlowControl             0x08007553   Thumb Code   196  tm_stm32_usart.o(.text)
    TM_USART_Getc                            0x0800764b   Thumb Code    32  tm_stm32_usart.o(.text)
    TM_USART_Gets                            0x0800766b   Thumb Code    30  tm_stm32_usart.o(.text)
    TM_USART_Puts                            0x08007689   Thumb Code    40  tm_stm32_usart.o(.text)
    TM_USART_Send                            0x080076b1   Thumb Code    46  tm_stm32_usart.o(.text)
    TM_USART_FindCharacter                   0x080076df   Thumb Code    22  tm_stm32_usart.o(.text)
    TM_USART_FindString                      0x080076f5   Thumb Code    36  tm_stm32_usart.o(.text)
    TM_USART_BufferEmpty                     0x08007719   Thumb Code    26  tm_stm32_usart.o(.text)
    TM_USART_BufferFull                      0x08007733   Thumb Code    26  tm_stm32_usart.o(.text)
    TM_USART_BufferCount                     0x0800774d   Thumb Code    18  tm_stm32_usart.o(.text)
    TM_USART_ClearBuffer                     0x0800775f   Thumb Code    18  tm_stm32_usart.o(.text)
    TM_USART_SetCustomStringEndCharacter     0x08007771   Thumb Code    16  tm_stm32_usart.o(.text)
    TM_USART2_ReceiveHandler                 0x08007783   Thumb Code     2  tm_stm32_usart.o(.text)
    TM_USART3_ReceiveHandler                 0x08007785   Thumb Code     2  tm_stm32_usart.o(.text)
    TM_UART4_ReceiveHandler                  0x08007787   Thumb Code     2  tm_stm32_usart.o(.text)
    TM_UART5_ReceiveHandler                  0x08007789   Thumb Code     2  tm_stm32_usart.o(.text)
    TM_USART6_ReceiveHandler                 0x0800778b   Thumb Code     2  tm_stm32_usart.o(.text)
    TM_UART7_ReceiveHandler                  0x0800778d   Thumb Code     2  tm_stm32_usart.o(.text)
    TM_UART8_ReceiveHandler                  0x0800778f   Thumb Code     2  tm_stm32_usart.o(.text)
    USART1_IRQHandler                        0x0800781f   Thumb Code    32  tm_stm32_usart.o(.text)
    USART2_IRQHandler                        0x0800783f   Thumb Code    36  tm_stm32_usart.o(.text)
    USART3_IRQHandler                        0x08007863   Thumb Code    90  tm_stm32_usart.o(.text)
    UART4_IRQHandler                         0x080078bd   Thumb Code    36  tm_stm32_usart.o(.text)
    UART5_IRQHandler                         0x080078e1   Thumb Code    34  tm_stm32_usart.o(.text)
    USART6_IRQHandler                        0x08007903   Thumb Code    36  tm_stm32_usart.o(.text)
    TM_ADC_InitADC                           0x08007941   Thumb Code   156  tm_stm32_adc.o(.text)
    TM_ADC_Init                              0x08007ba9   Thumb Code   204  tm_stm32_adc.o(.text)
    TM_ADC_Read                              0x08007c75   Thumb Code    80  tm_stm32_adc.o(.text)
    TM_ADC_EnableVbat                        0x08007cc5   Thumb Code    16  tm_stm32_adc.o(.text)
    TM_ADC_DisableVbat                       0x08007cd5   Thumb Code    16  tm_stm32_adc.o(.text)
    TM_ADC_ReadVbat                          0x08007ce5   Thumb Code    34  tm_stm32_adc.o(.text)
    TM_DS18B20_Is                            0x08007d35   Thumb Code    16  tm_stm32_ds18b20.o(.text)
    TM_DS18B20_Start                         0x08007d45   Thumb Code    44  tm_stm32_ds18b20.o(.text)
    TM_DS18B20_StartAll                      0x08007d71   Thumb Code    28  tm_stm32_ds18b20.o(.text)
    TM_DS18B20_Read                          0x08007d8d   Thumb Code   374  tm_stm32_ds18b20.o(.text)
    TM_DS18B20_GetResolution                 0x08007f03   Thumb Code    80  tm_stm32_ds18b20.o(.text)
    TM_DS18B20_SetResolution                 0x08007f53   Thumb Code   208  tm_stm32_ds18b20.o(.text)
    TM_DS18B20_SetAlarmLowTemperature        0x08008023   Thumb Code   172  tm_stm32_ds18b20.o(.text)
    TM_DS18B20_SetAlarmHighTemperature       0x080080cf   Thumb Code   172  tm_stm32_ds18b20.o(.text)
    TM_DS18B20_DisableAlarmTemperature       0x0800817b   Thumb Code   156  tm_stm32_ds18b20.o(.text)
    TM_DS18B20_AlarmSearch                   0x08008217   Thumb Code    14  tm_stm32_ds18b20.o(.text)
    TM_DS18B20_AllDone                       0x08008225   Thumb Code    12  tm_stm32_ds18b20.o(.text)
    TM_OneWire_Init                          0x08008263   Thumb Code    36  tm_stm32_onewire.o(.text)
    TM_OneWire_Reset                         0x08008287   Thumb Code    72  tm_stm32_onewire.o(.text)
    TM_OneWire_WriteBit                      0x080082cf   Thumb Code   100  tm_stm32_onewire.o(.text)
    TM_OneWire_ReadBit                       0x08008333   Thumb Code    72  tm_stm32_onewire.o(.text)
    TM_OneWire_WriteByte                     0x0800837b   Thumb Code    34  tm_stm32_onewire.o(.text)
    TM_OneWire_ReadByte                      0x0800839d   Thumb Code    38  tm_stm32_onewire.o(.text)
    TM_OneWire_Search                        0x080083c3   Thumb Code   264  tm_stm32_onewire.o(.text)
    TM_OneWire_ResetSearch                   0x080084cb   Thumb Code    10  tm_stm32_onewire.o(.text)
    TM_OneWire_First                         0x080084d5   Thumb Code    20  tm_stm32_onewire.o(.text)
    TM_OneWire_Next                          0x080084e9   Thumb Code    14  tm_stm32_onewire.o(.text)
    TM_OneWire_Verify                        0x080084f7   Thumb Code   124  tm_stm32_onewire.o(.text)
    TM_OneWire_TargetSetup                   0x08008573   Thumb Code    38  tm_stm32_onewire.o(.text)
    TM_OneWire_FamilySkipSetup               0x08008599   Thumb Code    18  tm_stm32_onewire.o(.text)
    TM_OneWire_GetROM                        0x080085ab   Thumb Code    10  tm_stm32_onewire.o(.text)
    TM_OneWire_Select                        0x080085b5   Thumb Code    36  tm_stm32_onewire.o(.text)
    TM_OneWire_SelectWithPointer             0x080085d9   Thumb Code    36  tm_stm32_onewire.o(.text)
    TM_OneWire_GetFullROM                    0x080085fd   Thumb Code    24  tm_stm32_onewire.o(.text)
    TM_OneWire_CRC8                          0x08008615   Thumb Code    66  tm_stm32_onewire.o(.text)
    main                                     0x08008659   Thumb Code   148  main.o(.text)
    lowpass_filter                           0x080086ed   Thumb Code   146  main.o(.text)
    TM_RTC_WakeupHandler                     0x0800877f   Thumb Code   618  main.o(.text)
    TM_DELAY_1msHandler                      0x080089e9   Thumb Code    16  main.o(.text)
    GSM_Update_Thread                        0x080089f9   Thumb Code    10  main.o(.text)
    GSM_SMS_CHECK                            0x08008a03   Thumb Code  3764  main.o(.text)
    GSM_SMS_Thread                           0x080098b7   Thumb Code   328  main.o(.text)
    SEND_STATUS                              0x080099ff   Thumb Code  3422  main.o(.text)
    GSM_Callback                             0x0800a75d   Thumb Code    38  main.o(.text)
    GSM_Main_Thread                          0x0800a783   Thumb Code   990  main.o(.text)
    fputc                                    0x0800ab61   Thumb Code    56  main.o(.text)
    Error_Handler                            0x0800ab99   Thumb Code    10  main.o(.text)
    NMI_Handler                              0x0800acc9   Thumb Code     2  stm32fxxx_it.o(.text)
    HardFault_Handler                        0x0800accb   Thumb Code     4  stm32fxxx_it.o(.text)
    MemManage_Handler                        0x0800accf   Thumb Code     4  stm32fxxx_it.o(.text)
    BusFault_Handler                         0x0800acd3   Thumb Code     4  stm32fxxx_it.o(.text)
    UsageFault_Handler                       0x0800acd7   Thumb Code     4  stm32fxxx_it.o(.text)
    DebugMon_Handler                         0x0800acdb   Thumb Code     2  stm32fxxx_it.o(.text)
    TimingDelay_Decrement                    0x0800acdd   Thumb Code     2  stm32fxxx_it.o(.text)
    SysTick_Handler                          0x0800acdf   Thumb Code     8  stm32fxxx_it.o(.text)
    SystemInit                               0x0800ace9   Thumb Code    82  system_stm32f4xx.o(.text)
    SystemCoreClockUpdate                    0x0800ad3b   Thumb Code   174  system_stm32f4xx.o(.text)
    mem_mem                                  0x0800ae33   Thumb Code    82  gsm.o(.text)
    ParseDATE                                0x0800af8f   Thumb Code    66  gsm.o(.text)
    ParseTIME                                0x0800afd1   Thumb Code    62  gsm.o(.text)
    ProcessThreads                           0x080105f3   Thumb Code   198  gsm.o(.text)
    GSM_WaitReady                            0x080106b9   Thumb Code    34  gsm.o(.text)
    GSM_Delay                                0x080106db   Thumb Code    28  gsm.o(.text)
    GSM_Init                                 0x080106f7   Thumb Code  1220  gsm.o(.text)
    GSM_IsReady                              0x08010bbb   Thumb Code    14  gsm.o(.text)
    GSM_Update                               0x08010bc9   Thumb Code   896  gsm.o(.text)
    GSM_UpdateTime                           0x08010f49   Thumb Code    16  gsm.o(.text)
    GSM_ProcessCallbacks                     0x08010f59   Thumb Code   434  gsm.o(.text)
    GSM_GetLastReturnStatus                  0x0801110b   Thumb Code    10  gsm.o(.text)
    GSM_DataReceived                         0x08011115   Thumb Code    20  gsm.o(.text)
    GSM_FUNC_Set                             0x08011129   Thumb Code   154  gsm.o(.text)
    GSM_FUNC_Get                             0x080111c3   Thumb Code   220  gsm.o(.text)
    GSM_INFO_GetManufacturer                 0x0801129f   Thumb Code   172  gsm.o(.text)
    GSM_INFO_GetModel                        0x0801134b   Thumb Code   172  gsm.o(.text)
    GSM_INFO_GetRevision                     0x080113f7   Thumb Code   172  gsm.o(.text)
    GSM_INFO_GetSerialNumber                 0x080114a3   Thumb Code   172  gsm.o(.text)
    GSM_INFO_GetSoftwareInfo                 0x0801154f   Thumb Code   170  gsm.o(.text)
    GSM_INFO_GetBatteryInfo                  0x080115f9   Thumb Code   176  gsm.o(.text)
    GSM_INFO_GetSignalStrength               0x080116a9   Thumb Code   170  gsm.o(.text)
    GSM_OP_Scan                              0x08011753   Thumb Code   196  gsm.o(.text)
    GSM_OP_Get                               0x08011817   Thumb Code   192  gsm.o(.text)
    GSM_OP_Set                               0x080118d7   Thumb Code   188  gsm.o(.text)
    GSM_PIN_Enter                            0x08011993   Thumb Code   178  gsm.o(.text)
    GSM_PIN_Remove                           0x08011a45   Thumb Code   170  gsm.o(.text)
    GSM_PIN_Add                              0x08011aef   Thumb Code   170  gsm.o(.text)
    GSM_PUK_Enter                            0x08011b99   Thumb Code   176  gsm.o(.text)
    GSM_SMS_Send                             0x08011c49   Thumb Code   184  gsm.o(.text)
    GSM_SMS_Read                             0x08011d01   Thumb Code   174  gsm.o(.text)
    GSM_SMS_List                             0x08011daf   Thumb Code   312  gsm.o(.text)
    GSM_SMS_Delete                           0x08011ee7   Thumb Code   152  gsm.o(.text)
    GSM_SMS_MassDelete                       0x08011f7f   Thumb Code   228  gsm.o(.text)
    GSM_SMS_GetReceivedInfo                  0x08012063   Thumb Code   146  gsm.o(.text)
    GSM_SMS_ClearReceivedInfo                0x080120f5   Thumb Code    16  gsm.o(.text)
    GSM_PB_Add                               0x08012105   Thumb Code   176  gsm.o(.text)
    GSM_PB_Edit                              0x080121b5   Thumb Code   190  gsm.o(.text)
    GSM_PB_Delete                            0x08012273   Thumb Code   156  gsm.o(.text)
    GSM_PB_Get                               0x0801230f   Thumb Code   186  gsm.o(.text)
    GSM_PB_List                              0x080123c9   Thumb Code   214  gsm.o(.text)
    GSM_PB_Search                            0x0801249f   Thumb Code   208  gsm.o(.text)
    GSM_DATETIME_Get                         0x0801256f   Thumb Code   170  gsm.o(.text)
    GSM_GPRS_Attach                          0x08012619   Thumb Code   216  gsm.o(.text)
    GSM_GPRS_Detach                          0x080126f1   Thumb Code   158  gsm.o(.text)
    GSM_GPRS_GetLocationAndTime              0x0801278f   Thumb Code   170  gsm.o(.text)
    GSM_CONN_Start                           0x08012839   Thumb Code   234  gsm.o(.text)
    GSM_CONN_Send                            0x08012923   Thumb Code   208  gsm.o(.text)
    GSM_CONN_Receive                         0x080129f3   Thumb Code   220  gsm.o(.text)
    GSM_CONN_Close                           0x08012acf   Thumb Code   170  gsm.o(.text)
    GSM_CONN_DataAvailable                   0x08012b79   Thumb Code    28  gsm.o(.text)
    GSM_HTTP_Begin                           0x08012b95   Thumb Code   182  gsm.o(.text)
    GSM_HTTP_End                             0x08012c4b   Thumb Code   150  gsm.o(.text)
    GSM_HTTP_SetData                         0x08012ce1   Thumb Code   178  gsm.o(.text)
    GSM_HTTP_SetContent                      0x08012d93   Thumb Code   170  gsm.o(.text)
    GSM_HTTP_Execute                         0x08012e3d   Thumb Code   226  gsm.o(.text)
    GSM_HTTP_Read                            0x08012f1f   Thumb Code   204  gsm.o(.text)
    GSM_HTTP_DataAvailable                   0x08012feb   Thumb Code    14  gsm.o(.text)
    BUFFER_Init                              0x08012ffd   Thumb Code    74  buffer.o(.text)
    BUFFER_Free                              0x08013047   Thumb Code    32  buffer.o(.text)
    BUFFER_GetFree                           0x08013067   Thumb Code    42  buffer.o(.text)
    BUFFER_Write                             0x08013091   Thumb Code   128  buffer.o(.text)
    BUFFER_WriteToTop                        0x08013111   Thumb Code   120  buffer.o(.text)
    BUFFER_GetFull                           0x08013189   Thumb Code    40  buffer.o(.text)
    BUFFER_Read                              0x080131b1   Thumb Code   128  buffer.o(.text)
    BUFFER_GetFullFast                       0x08013231   Thumb Code    32  buffer.o(.text)
    BUFFER_Reset                             0x08013251   Thumb Code    14  buffer.o(.text)
    BUFFER_FindElement                       0x0801325f   Thumb Code    70  buffer.o(.text)
    BUFFER_Find                              0x080132a5   Thumb Code   146  buffer.o(.text)
    BUFFER_WriteString                       0x08013337   Thumb Code    26  buffer.o(.text)
    BUFFER_ReadString                        0x08013351   Thumb Code   130  buffer.o(.text)
    BUFFER_CheckElement                      0x080133d3   Thumb Code    60  buffer.o(.text)
    GSM_LL_Callback                          0x08013411   Thumb Code   238  gsm_ll.o(.text)
    TM_USART1_ReceiveHandler                 0x080134ff   Thumb Code    12  gsm_ll.o(.text)
    vListInitialise                          0x08013519   Thumb Code    26  list.o(.text)
    vListInitialiseItem                      0x08013533   Thumb Code     6  list.o(.text)
    vListInsertEnd                           0x08013539   Thumb Code    24  list.o(.text)
    vListInsert                              0x08013551   Thumb Code    52  list.o(.text)
    uxListRemove                             0x08013585   Thumb Code    40  list.o(.text)
    xQueueGenericReset                       0x080135ad   Thumb Code   120  queue.o(.text)
    xQueueGenericCreate                      0x08013625   Thumb Code    78  queue.o(.text)
    xQueueGenericSend                        0x0801378f   Thumb Code   268  queue.o(.text)
    xQueueCreateMutex                        0x0801389b   Thumb Code    76  queue.o(.text)
    xQueueGiveMutexRecursive                 0x080138e7   Thumb Code    48  queue.o(.text)
    xQueueGenericReceive                     0x0801395b   Thumb Code   324  queue.o(.text)
    xQueueTakeMutexRecursive                 0x08013a9f   Thumb Code    60  queue.o(.text)
    xQueueCreateCountingSemaphore            0x08013adb   Thumb Code    26  queue.o(.text)
    xQueueGenericSendFromISR                 0x08013af5   Thumb Code   130  queue.o(.text)
    xQueueGiveFromISR                        0x08013b77   Thumb Code   114  queue.o(.text)
    xQueueReceiveFromISR                     0x08013be9   Thumb Code   120  queue.o(.text)
    xQueuePeekFromISR                        0x08013c61   Thumb Code    78  queue.o(.text)
    uxQueueMessagesWaiting                   0x08013caf   Thumb Code    18  queue.o(.text)
    uxQueueSpacesAvailable                   0x08013cc1   Thumb Code    24  queue.o(.text)
    uxQueueMessagesWaitingFromISR            0x08013cd9   Thumb Code     6  queue.o(.text)
    vQueueUnregisterQueue                    0x08013cdf   Thumb Code    38  queue.o(.text)
    vQueueDelete                             0x08013d05   Thumb Code    20  queue.o(.text)
    uxQueueGetQueueNumber                    0x08013d19   Thumb Code     6  queue.o(.text)
    vQueueSetQueueNumber                     0x08013d1f   Thumb Code     4  queue.o(.text)
    ucQueueGetQueueType                      0x08013d23   Thumb Code     8  queue.o(.text)
    xQueueIsQueueEmptyFromISR                0x08013d2b   Thumb Code    14  queue.o(.text)
    xQueueIsQueueFullFromISR                 0x08013d39   Thumb Code    18  queue.o(.text)
    vQueueAddToRegistry                      0x08013d4b   Thumb Code    38  queue.o(.text)
    xTaskGenericCreate                       0x08013e63   Thumb Code   242  tasks.o(.text)
    vTaskDelete                              0x08013f7f   Thumb Code   150  tasks.o(.text)
    xTaskIncrementTick                       0x08014015   Thumb Code   242  tasks.o(.text)
    xTaskResumeAll                           0x08014107   Thumb Code   284  tasks.o(.text)
    vTaskSuspendAll                          0x08014261   Thumb Code    12  tasks.o(.text)
    vTaskDelay                               0x0801426d   Thumb Code    84  tasks.o(.text)
    uxTaskPriorityGet                        0x080142c1   Thumb Code    30  tasks.o(.text)
    uxTaskPriorityGetFromISR                 0x080142df   Thumb Code    62  tasks.o(.text)
    vTaskPrioritySet                         0x0801431d   Thumb Code   226  tasks.o(.text)
    vTaskSwitchContext                       0x080143ff   Thumb Code    76  tasks.o(.text)
    vTaskSuspend                             0x0801444b   Thumb Code   162  tasks.o(.text)
    vTaskResume                              0x08014525   Thumb Code   106  tasks.o(.text)
    xTaskResumeFromISR                       0x0801458f   Thumb Code   200  tasks.o(.text)
    vTaskStartScheduler                      0x080146df   Thumb Code    68  tasks.o(.text)
    vTaskEndScheduler                        0x08014723   Thumb Code    32  tasks.o(.text)
    xTaskGetTickCount                        0x08014743   Thumb Code     6  tasks.o(.text)
    xTaskGetTickCountFromISR                 0x08014749   Thumb Code    16  tasks.o(.text)
    uxTaskGetNumberOfTasks                   0x08014759   Thumb Code     6  tasks.o(.text)
    uxTaskGetSystemState                     0x08014825   Thumb Code   132  tasks.o(.text)
    vTaskPlaceOnEventList                    0x080148a9   Thumb Code    84  tasks.o(.text)
    vTaskPlaceOnUnorderedEventList           0x080148fd   Thumb Code   100  tasks.o(.text)
    xTaskRemoveFromEventList                 0x08014961   Thumb Code   104  tasks.o(.text)
    xTaskRemoveFromUnorderedEventList        0x080149c9   Thumb Code   168  tasks.o(.text)
    vTaskSetTimeOutState                     0x08014a71   Thumb Code    14  tasks.o(.text)
    xTaskCheckForTimeOut                     0x08014a7f   Thumb Code    84  tasks.o(.text)
    vTaskMissedYield                         0x08014ad3   Thumb Code     8  tasks.o(.text)
    uxTaskGetTaskNumber                      0x08014adb   Thumb Code    14  tasks.o(.text)
    vTaskSetTaskNumber                       0x08014ae9   Thumb Code     8  tasks.o(.text)
    xTaskGetCurrentTaskHandle                0x08014af1   Thumb Code     6  tasks.o(.text)
    xTaskGetSchedulerState                   0x08014af7   Thumb Code    24  tasks.o(.text)
    vTaskPriorityInherit                     0x08014b0f   Thumb Code   164  tasks.o(.text)
    xTaskPriorityDisinherit                  0x08014bb3   Thumb Code   122  tasks.o(.text)
    uxTaskResetEventItemValue                0x08014c2d   Thumb Code    24  tasks.o(.text)
    pvTaskIncrementMutexHeldCount            0x08014c45   Thumb Code    26  tasks.o(.text)
    ulTaskNotifyTake                         0x08014c5f   Thumb Code   174  tasks.o(.text)
    xTaskNotifyWait                          0x08014d0d   Thumb Code   208  tasks.o(.text)
    xTaskGenericNotify                       0x08014ddd   Thumb Code   220  tasks.o(.text)
    xTaskNotifyFromISR                       0x08014eb9   Thumb Code   214  tasks.o(.text)
    vTaskNotifyGiveFromISR                   0x08014f8f   Thumb Code   150  tasks.o(.text)
    pxPortInitialiseStack                    0x08015053   Thumb Code    34  port_cm4.o(.text)
    vPortSetupTimerInterrupt                 0x08015075   Thumb Code    26  port_cm4.o(.text)
    xPortStartScheduler                      0x0801508f   Thumb Code   156  port_cm4.o(.text)
    vPortEndScheduler                        0x0801512b   Thumb Code     2  port_cm4.o(.text)
    vPortEnterCritical                       0x0801512d   Thumb Code    30  port_cm4.o(.text)
    vPortExitCritical                        0x0801514b   Thumb Code    28  port_cm4.o(.text)
    xPortSysTickHandler                      0x08015167   Thumb Code    50  port_cm4.o(.text)
    vPortValidateInterruptPriority           0x08015199   Thumb Code    22  port_cm4.o(.text)
    osKernelStart                            0x08015201   Thumb Code    10  cmsis_os.o(.text)
    osKernelRunning                          0x0801520b   Thumb Code    18  cmsis_os.o(.text)
    osKernelSysTick                          0x0801521d   Thumb Code    20  cmsis_os.o(.text)
    osThreadCreate                           0x08015231   Thumb Code    58  cmsis_os.o(.text)
    osThreadGetId                            0x0801526b   Thumb Code     8  cmsis_os.o(.text)
    osThreadTerminate                        0x08015273   Thumb Code    14  cmsis_os.o(.text)
    osThreadYield                            0x08015281   Thumb Code    20  cmsis_os.o(.text)
    osThreadSetPriority                      0x08015295   Thumb Code    26  cmsis_os.o(.text)
    osThreadGetPriority                      0x080152af   Thumb Code    38  cmsis_os.o(.text)
    osDelay                                  0x080152d5   Thumb Code    24  cmsis_os.o(.text)
    osTimerCreate                            0x080152ed   Thumb Code     6  cmsis_os.o(.text)
    osTimerStart                             0x080152f3   Thumb Code     8  cmsis_os.o(.text)
    osTimerStop                              0x080152fb   Thumb Code     8  cmsis_os.o(.text)
    osTimerDelete                            0x08015303   Thumb Code     8  cmsis_os.o(.text)
    osSignalSet                              0x0801530b   Thumb Code    82  cmsis_os.o(.text)
    osSignalWait                             0x0801535d   Thumb Code   100  cmsis_os.o(.text)
    osMutexCreate                            0x080153c1   Thumb Code    12  cmsis_os.o(.text)
    osMutexWait                              0x080153cd   Thumb Code   104  cmsis_os.o(.text)
    osMutexRelease                           0x08015435   Thumb Code    76  cmsis_os.o(.text)
    osMutexDelete                            0x08015481   Thumb Code    24  cmsis_os.o(.text)
    osSemaphoreCreate                        0x08015499   Thumb Code    50  cmsis_os.o(.text)
    osSemaphoreWait                          0x080154cb   Thumb Code   104  cmsis_os.o(.text)
    osSemaphoreRelease                       0x08015533   Thumb Code    76  cmsis_os.o(.text)
    osSemaphoreDelete                        0x0801557f   Thumb Code    24  cmsis_os.o(.text)
    osPoolCreate                             0x08015597   Thumb Code   112  cmsis_os.o(.text)
    osPoolAlloc                              0x08015607   Thumb Code   128  cmsis_os.o(.text)
    osPoolCAlloc                             0x08015687   Thumb Code    22  cmsis_os.o(.text)
    osPoolFree                               0x0801569d   Thumb Code    74  cmsis_os.o(.text)
    osMessageCreate                          0x080156e7   Thumb Code    18  cmsis_os.o(.text)
    osMessagePut                             0x080156f9   Thumb Code    92  cmsis_os.o(.text)
    osMessageGet                             0x08015755   Thumb Code   152  cmsis_os.o(.text)
    osMailCreate                             0x080157ed   Thumb Code   114  cmsis_os.o(.text)
    osMailAlloc                              0x0801585f   Thumb Code    24  cmsis_os.o(.text)
    osMailCAlloc                             0x08015877   Thumb Code    40  cmsis_os.o(.text)
    osMailPut                                0x0801589f   Thumb Code    90  cmsis_os.o(.text)
    osMailGet                                0x080158f9   Thumb Code   148  cmsis_os.o(.text)
    osMailFree                               0x0801598d   Thumb Code    22  cmsis_os.o(.text)
    osSystickHandler                         0x080159a3   Thumb Code    16  cmsis_os.o(.text)
    osThreadSuspend                          0x080159b3   Thumb Code    14  cmsis_os.o(.text)
    osThreadResume                           0x080159c1   Thumb Code    46  cmsis_os.o(.text)
    osThreadSuspendAll                       0x080159ef   Thumb Code    10  cmsis_os.o(.text)
    osThreadResumeAll                        0x080159f9   Thumb Code    18  cmsis_os.o(.text)
    osDelayUntil                             0x08015a0b   Thumb Code     6  cmsis_os.o(.text)
    osThreadList                             0x08015a11   Thumb Code     6  cmsis_os.o(.text)
    osMessagePeek                            0x08015a17   Thumb Code    88  cmsis_os.o(.text)
    osRecursiveMutexCreate                   0x08015a6f   Thumb Code    12  cmsis_os.o(.text)
    osRecursiveMutexRelease                  0x08015a7b   Thumb Code    22  cmsis_os.o(.text)
    osRecursiveMutexWait                     0x08015a91   Thumb Code    50  cmsis_os.o(.text)
    pvPortMalloc                             0x08015b8b   Thumb Code   188  heap_4.o(.text)
    vPortFree                                0x08015c47   Thumb Code    64  heap_4.o(.text)
    xPortGetFreeHeapSize                     0x08015c87   Thumb Code     6  heap_4.o(.text)
    xPortGetMinimumEverFreeHeapSize          0x08015c8d   Thumb Code     6  heap_4.o(.text)
    vPortInitialiseBlocks                    0x08015c93   Thumb Code     2  heap_4.o(.text)
    __aeabi_memcpy                           0x08015cad   Thumb Code    36  memcpya.o(.text)
    __aeabi_memcpy4                          0x08015cad   Thumb Code     0  memcpya.o(.text)
    __aeabi_memcpy8                          0x08015cad   Thumb Code     0  memcpya.o(.text)
    __aeabi_memset                           0x08015cd1   Thumb Code    14  memseta.o(.text)
    __aeabi_memset4                          0x08015cd1   Thumb Code     0  memseta.o(.text)
    __aeabi_memset8                          0x08015cd1   Thumb Code     0  memseta.o(.text)
    __aeabi_memclr                           0x08015cdf   Thumb Code     4  memseta.o(.text)
    __aeabi_memclr4                          0x08015cdf   Thumb Code     0  memseta.o(.text)
    __aeabi_memclr8                          0x08015cdf   Thumb Code     0  memseta.o(.text)
    _memset$wrapper                          0x08015ce3   Thumb Code    18  memseta.o(.text)
    strncpy                                  0x08015cf5   Thumb Code    24  strncpy.o(.text)
    strlen                                   0x08015d0d   Thumb Code    14  strlen.o(.text)
    strcmp                                   0x08015d1b   Thumb Code    28  strcmp.o(.text)
    memcmp                                   0x08015d37   Thumb Code    26  memcmp.o(.text)
    strcpy                                   0x08015d51   Thumb Code    18  strcpy.o(.text)
    strncmp                                  0x08015d63   Thumb Code    30  strncmp.o(.text)
    strtok_r                                 0x08015d81   Thumb Code    60  strtok_r.o(.text)
    _strtok$wrapper                          0x08015dbd   Thumb Code     4  strtok_r.o(.text)
    __aeabi_dadd                             0x08015dc5   Thumb Code   322  dadd.o(.text)
    __aeabi_dsub                             0x08015f07   Thumb Code     6  dadd.o(.text)
    __aeabi_drsub                            0x08015f0d   Thumb Code     6  dadd.o(.text)
    __aeabi_dmul                             0x08015f13   Thumb Code   228  dmul.o(.text)
    __aeabi_ddiv                             0x08015ff7   Thumb Code   222  ddiv.o(.text)
    __aeabi_ui2d                             0x080160d5   Thumb Code    26  dfltui.o(.text)
    __aeabi_f2d                              0x080160ef   Thumb Code    38  f2d.o(.text)
    __aeabi_d2f                              0x08016115   Thumb Code    56  d2f.o(.text)
    __aeabi_uidiv                            0x0801614d   Thumb Code     0  uidiv.o(.text)
    __aeabi_uidivmod                         0x0801614d   Thumb Code    44  uidiv.o(.text)
    __aeabi_uldivmod                         0x08016179   Thumb Code    98  uldiv.o(.text)
    __aeabi_llsl                             0x080161db   Thumb Code    30  llshl.o(.text)
    _ll_shift_l                              0x080161db   Thumb Code     0  llshl.o(.text)
    __aeabi_lasr                             0x080161f9   Thumb Code    36  llsshr.o(.text)
    _ll_sshift_r                             0x080161f9   Thumb Code     0  llsshr.o(.text)
    __I$use$fp                               0x0801621d   Thumb Code     0  iusefp.o(.text)
    _float_round                             0x0801621d   Thumb Code    18  fepilogue.o(.text)
    _float_epilogue                          0x0801622f   Thumb Code    92  fepilogue.o(.text)
    _double_round                            0x0801628b   Thumb Code    30  depilogue.o(.text)
    _double_epilogue                         0x080162a9   Thumb Code   156  depilogue.o(.text)
    __ARM_scalbn                             0x08016345   Thumb Code    46  dscalb.o(.text)
    scalbn                                   0x08016345   Thumb Code     0  dscalb.o(.text)
    __aeabi_i2d                              0x08016373   Thumb Code    34  dflti.o(.text)
    __aeabi_d2ulz                            0x08016395   Thumb Code    48  dfixul.o(.text)
    __aeabi_cdrcmple                         0x080163c5   Thumb Code    48  cdrcmple.o(.text)
    __scatterload                            0x080163f5   Thumb Code    28  init.o(.text)
    __scatterload_rt2                        0x080163f5   Thumb Code     0  init.o(.text)
    __aeabi_llsr                             0x08016419   Thumb Code    32  llushr.o(.text)
    _ll_ushift_r                             0x08016419   Thumb Code     0  llushr.o(.text)
    _dsqrt                                   0x08016439   Thumb Code   162  dsqrt.o(.text)
    __decompress                             0x080164db   Thumb Code     0  __dclz77c.o(.text)
    __decompress2                            0x080164db   Thumb Code    94  __dclz77c.o(.text)
    __0printf                                0x08016539   Thumb Code    22  printfa.o(i.__0printf)
    __1printf                                0x08016539   Thumb Code     0  printfa.o(i.__0printf)
    __2printf                                0x08016539   Thumb Code     0  printfa.o(i.__0printf)
    __c89printf                              0x08016539   Thumb Code     0  printfa.o(i.__0printf)
    printf                                   0x08016539   Thumb Code     0  printfa.o(i.__0printf)
    __0sprintf                               0x08016559   Thumb Code    34  printfa.o(i.__0sprintf)
    __1sprintf                               0x08016559   Thumb Code     0  printfa.o(i.__0sprintf)
    __2sprintf                               0x08016559   Thumb Code     0  printfa.o(i.__0sprintf)
    __c89sprintf                             0x08016559   Thumb Code     0  printfa.o(i.__0sprintf)
    sprintf                                  0x08016559   Thumb Code     0  printfa.o(i.__0sprintf)
    __ARM_fpclassify                         0x08016581   Thumb Code    48  fpclassify.o(i.__ARM_fpclassify)
    __hardfp_pow                             0x080165b1   Thumb Code  3072  pow.o(i.__hardfp_pow)
    __kernel_poly                            0x08017201   Thumb Code   248  poly.o(i.__kernel_poly)
    __mathlib_dbl_divzero                    0x080172f9   Thumb Code    28  dunder.o(i.__mathlib_dbl_divzero)
    __mathlib_dbl_infnan2                    0x08017329   Thumb Code    20  dunder.o(i.__mathlib_dbl_infnan2)
    __mathlib_dbl_invalid                    0x08017341   Thumb Code    24  dunder.o(i.__mathlib_dbl_invalid)
    __mathlib_dbl_overflow                   0x08017361   Thumb Code    24  dunder.o(i.__mathlib_dbl_overflow)
    __mathlib_dbl_underflow                  0x08017381   Thumb Code    24  dunder.o(i.__mathlib_dbl_underflow)
    __scatterload_copy                       0x080173a1   Thumb Code    14  handlers.o(i.__scatterload_copy)
    __scatterload_null                       0x080173af   Thumb Code     2  handlers.o(i.__scatterload_null)
    __scatterload_zeroinit                   0x080173b1   Thumb Code    14  handlers.o(i.__scatterload_zeroinit)
    __set_errno                              0x080173c1   Thumb Code     6  errno.o(i.__set_errno)
    fabs                                     0x08017c89   Thumb Code    24  fabs.o(i.fabs)
    free                                     0x08017ca1   Thumb Code    76  malloc.o(i.free)
    malloc                                   0x08017cf1   Thumb Code    92  malloc.o(i.malloc)
    sqrt                                     0x08017d5d   Thumb Code   110  sqrt.o(i.sqrt)
    APBAHBPrescTable                         0x08017dd2   Data          16  stm32f4xx_hal_rcc.o(.constdata)
    os_thread_def_GSM_Update                 0x08017df8   Data          20  main.o(.constdata)
    os_thread_def_GSM_Main                   0x08017e0c   Data          20  main.o(.constdata)
    os_thread_def_GSM_SMS                    0x08017e20   Data          20  main.o(.constdata)
    AHBPrescTable                            0x08017e34   Data          16  system_stm32f4xx.o(.constdata)
    __mathlib_zero                           0x08017ed0   Data           8  qnan.o(.constdata)
    Region$$Table$$Base                      0x08017ef8   Number         0  anon$$obj.o(Region$$Table)
    Region$$Table$$Limit                     0x08017f18   Number         0  anon$$obj.o(Region$$Table)
    TM_Time2                                 0x20000004   Data           4  tm_stm32_delay.o(.data)
    TM_Time                                  0x20000008   Data           4  tm_stm32_delay.o(.data)
    TM_USART1                                0x20000028   Data          20  tm_stm32_usart.o(.data)
    TM_USART2                                0x2000003c   Data          20  tm_stm32_usart.o(.data)
    TM_USART3                                0x20000050   Data          20  tm_stm32_usart.o(.data)
    TM_UART4                                 0x20000064   Data          20  tm_stm32_usart.o(.data)
    TM_UART5                                 0x20000078   Data          20  tm_stm32_usart.o(.data)
    TM_USART6                                0x2000008c   Data          20  tm_stm32_usart.o(.data)
    sec                                      0x200000a0   Data           1  main.o(.data)
    count_time                               0x200000a1   Data           1  main.o(.data)
    time_loop                                0x200000a2   Data           1  main.o(.data)
    time_up                                  0x200000a3   Data           1  main.o(.data)
    control_pwr                              0x200000a4   Data           1  main.o(.data)
    seek_d                                   0x200000a5   Data           1  main.o(.data)
    dot_array                                0x200000a6   Data           3  main.o(.data)
    salty_array                              0x200000a9   Data           6  main.o(.data)
    tds_array                                0x200000af   Data           6  main.o(.data)
    wsg_array                                0x200000b5   Data           6  main.o(.data)
    conduct_array                            0x200000bb   Data           6  main.o(.data)
    gsmRes                                   0x200000c1   Data           1  main.o(.data)
    sms_count                                0x200000c4   Data           4  main.o(.data)
    SMS_Info                                 0x200000c8   Data           4  main.o(.data)
    DateTimexx                               0x200000cc   Data           4  main.o(.data)
    seek_n                                   0x200000d0   Data           1  main.o(.data)
    br                                       0x200000d4   Data           4  main.o(.data)
    yo                                       0x200000d8   Data           4  main.o(.data)
    send                                     0x200000dc   Data         874  main.o(.data)
    send_sms                                 0x20000446   Data         103  main.o(.data)
    send_salty                               0x200004ad   Data         852  main.o(.data)
    send_temp                                0x20000801   Data         842  main.o(.data)
    send_conduct                             0x20000b4b   Data         850  main.o(.data)
    send_tds                                 0x20000e9d   Data         857  main.o(.data)
    send_wsg                                 0x200011f6   Data         870  main.o(.data)
    GSM_Update_ThreadId                      0x2000155c   Data           4  main.o(.data)
    GSM_Main_ThreadId                        0x20001560   Data           4  main.o(.data)
    GSM_SMS_ThreadId                         0x20001564   Data           4  main.o(.data)
    devices                                  0x20001568   Data           1  main.o(.data)
    i                                        0x20001569   Data           1  main.o(.data)
    action                                   0x2000156a   Data           1  main.o(.data)
    unaction                                 0x2000156b   Data           1  main.o(.data)
    ix                                       0x2000156c   Data           1  main.o(.data)
    device                                   0x2000156d   Data           8  main.o(.data)
    alarm_device                             0x20001575   Data           8  main.o(.data)
    temps                                    0x20001580   Data           4  main.o(.data)
    adcValue                                 0x20001584   Data           4  main.o(.data)
    tempValue                                0x20001588   Data           4  main.o(.data)
    temp_dot                                 0x2000158c   Data           4  main.o(.data)
    SystemCoreClock                          0x20001590   Data           4  system_stm32f4xx.o(.data)
    id                                       0x200015c4   Data           4  gsm_ll.o(.data)
    pxCurrentTCB                             0x200015c8   Data           4  tasks.o(.data)
    __stdout                                 0x20001628   Data           4  stdout.o(.data)
    __microlib_freelist                      0x2000162c   Data           4  mvars.o(.data)
    __microlib_freelist_initialised          0x20001630   Data           4  mvars.o(.data)
    USART1_Buffer                            0x200016a0   Data          32  tm_stm32_usart.o(.bss)
    USART2_Buffer                            0x200016c0   Data          32  tm_stm32_usart.o(.bss)
    USART3_Buffer                            0x200016e0   Data          32  tm_stm32_usart.o(.bss)
    UART4_Buffer                             0x20001700   Data          32  tm_stm32_usart.o(.bss)
    UART5_Buffer                             0x20001720   Data          32  tm_stm32_usart.o(.bss)
    USART6_Buffer                            0x20001740   Data          32  tm_stm32_usart.o(.bss)
    AdcHandle                                0x200017a0   Data          68  tm_stm32_adc.o(.bss)
    datatime                                 0x200017e4   Data          16  main.o(.bss)
    OneWire1                                 0x200017f4   Data          20  main.o(.bss)
    GSM                                      0x20001808   Data         236  main.o(.bss)
    SMS_Entry                                0x200018f4   Data         212  main.o(.bss)
    receive                                  0x200019c8   Data        1000  main.o(.bss)
    hrtc                                     0x20001db0   Data          32  main.o(.bss)
    buf                                      0x20001dd0   Data          40  main.o(.bss)
    buffer_x                                 0x20001df8   Data          40  main.o(.bss)
    buffer_y                                 0x20001e20   Data          40  main.o(.bss)
    Buffer_Data                              0x20001e60   Data         513  gsm.o(.bss)
    xQueueRegistry                           0x20002100   Data          64  queue.o(.bss)
    __heap_base                              0x20005e30   Data           0  startup_stm32f407xx.o(HEAP)
    __heap_limit                             0x20006e30   Data           0  startup_stm32f407xx.o(HEAP)
    __initial_sp                             0x20007230   Data           0  startup_stm32f407xx.o(STACK)



==============================================================================

Memory Map of the image

  Image Entry point : 0x08000189

  Load Region LR_IROM1 (Base: 0x08000000, Size: 0x00019550, Max: 0x00080000, ABSOLUTE, COMPRESSED[0x00018354])

    Execution Region ER_IROM1 (Exec base: 0x08000000, Load base: 0x08000000, Size: 0x00017f18, Max: 0x00080000, ABSOLUTE)

    Exec Addr    Load Addr    Size         Type   Attr      Idx    E Section Name        Object

    0x08000000   0x08000000   0x00000188   Data   RO            3    RESET               startup_stm32f407xx.o
    0x08000188   0x08000188   0x00000000   Code   RO         1809  * .ARM.Collect$$$$00000000  mc_w.l(entry.o)
    0x08000188   0x08000188   0x00000004   Code   RO         2171    .ARM.Collect$$$$00000001  mc_w.l(entry2.o)
    0x0800018c   0x0800018c   0x00000004   Code   RO         2174    .ARM.Collect$$$$00000004  mc_w.l(entry5.o)
    0x08000190   0x08000190   0x00000000   Code   RO         2176    .ARM.Collect$$$$00000008  mc_w.l(entry7b.o)
    0x08000190   0x08000190   0x00000000   Code   RO         2178    .ARM.Collect$$$$0000000A  mc_w.l(entry8b.o)
    0x08000190   0x08000190   0x00000008   Code   RO         2179    .ARM.Collect$$$$0000000B  mc_w.l(entry9a.o)
    0x08000198   0x08000198   0x00000000   Code   RO         2181    .ARM.Collect$$$$0000000D  mc_w.l(entry10a.o)
    0x08000198   0x08000198   0x00000000   Code   RO         2183    .ARM.Collect$$$$0000000F  mc_w.l(entry11a.o)
    0x08000198   0x08000198   0x00000004   Code   RO         2172    .ARM.Collect$$$$00002712  mc_w.l(entry2.o)
    0x0800019c   0x0800019c   0x000000ba   Code   RO         1735    .emb_text           port_cm4.o
    0x08000256   0x08000256   0x00000002   PAD
    0x08000258   0x08000258   0x00000024   Code   RO            4    .text               startup_stm32f407xx.o
    0x0800027c   0x0800027c   0x00000254   Code   RO           13    .text               stm32f4xx_hal.o
    0x080004d0   0x080004d0   0x0000031c   Code   RO          250    .text               stm32f4xx_hal_cortex.o
    0x080007ec   0x080007ec   0x00000618   Code   RO          278    .text               stm32f4xx_hal_dma.o
    0x08000e04   0x08000e04   0x000003c0   Code   RO          327    .text               stm32f4xx_hal_gpio.o
    0x080011c4   0x080011c4   0x0000020c   Code   RO          351    .text               stm32f4xx_hal_pwr.o
    0x080013d0   0x080013d0   0x00000a34   Code   RO          399    .text               stm32f4xx_hal_rcc.o
    0x08001e04   0x08001e04   0x00000f64   Code   RO          426    .text               stm32f4xx_hal_uart.o
    0x08002d68   0x08002d68   0x00000ba8   Code   RO          474    .text               stm32f4xx_hal_rtc.o
    0x08003910   0x08003910   0x00000d9e   Code   RO          498    .text               stm32f4xx_hal_rtc_ex.o
    0x080046ae   0x080046ae   0x00000002   PAD
    0x080046b0   0x080046b0   0x00000260   Code   RO          522    .text               stm32f4xx_hal_rcc_ex.o
    0x08004910   0x08004910   0x0000099c   Code   RO          546    .text               stm32f4xx_hal_adc.o
    0x080052ac   0x080052ac   0x00000720   Code   RO          570    .text               stm32f4xx_hal_adc_ex.o
    0x080059cc   0x080059cc   0x0000034e   Code   RO          642    .text               tm_stm32_buffer.o
    0x08005d1a   0x08005d1a   0x00000002   PAD
    0x08005d1c   0x08005d1c   0x00000274   Code   RO          687    .text               tm_stm32_delay.o
    0x08005f90   0x08005f90   0x00000314   Code   RO          750    .text               tm_stm32_dma.o
    0x080062a4   0x080062a4   0x00000300   Code   RO          816    .text               tm_stm32_gpio.o
    0x080065a4   0x080065a4   0x000000ac   Code   RO          842    .text               tm_stm32_rcc.o
    0x08006650   0x08006650   0x00000a00   Code   RO          866    .text               tm_stm32_rtc.o
    0x08007050   0x08007050   0x000008f0   Code   RO          896    .text               tm_stm32_usart.o
    0x08007940   0x08007940   0x000003f4   Code   RO          956    .text               tm_stm32_adc.o
    0x08007d34   0x08007d34   0x00000508   Code   RO          986    .text               tm_stm32_ds18b20.o
    0x0800823c   0x0800823c   0x0000041a   Code   RO         1020    .text               tm_stm32_onewire.o
    0x08008656   0x08008656   0x00000002   PAD
    0x08008658   0x08008658   0x00002670   Code   RO         1048    .text               main.o
    0x0800acc8   0x0800acc8   0x0000001e   Code   RO         1387    .text               stm32fxxx_it.o
    0x0800ace6   0x0800ace6   0x00000002   PAD
    0x0800ace8   0x0800ace8   0x00000120   Code   RO         1414    .text               system_stm32f4xx.o
    0x0800ae08   0x0800ae08   0x000081f4   Code   RO         1442    .text               gsm.o
    0x08012ffc   0x08012ffc   0x00000412   Code   RO         1542    .text               buffer.o
    0x0801340e   0x0801340e   0x00000002   PAD
    0x08013410   0x08013410   0x00000108   Code   RO         1557    .text               gsm_ll.o
    0x08013518   0x08013518   0x00000094   Code   RO         1671    .text               list.o
    0x080135ac   0x080135ac   0x000007cc   Code   RO         1683    .text               queue.o
    0x08013d78   0x08013d78   0x000012c4   Code   RO         1698    .text               tasks.o
    0x0801503c   0x0801503c   0x00000194   Code   RO         1736    .text               port_cm4.o
    0x080151d0   0x080151d0   0x000008f8   Code   RO         1753    .text               cmsis_os.o
    0x08015ac8   0x08015ac8   0x000001e4   Code   RO         1780    .text               heap_4.o
    0x08015cac   0x08015cac   0x00000024   Code   RO         1812    .text               mc_w.l(memcpya.o)
    0x08015cd0   0x08015cd0   0x00000024   Code   RO         1814    .text               mc_w.l(memseta.o)
    0x08015cf4   0x08015cf4   0x00000018   Code   RO         1816    .text               mc_w.l(strncpy.o)
    0x08015d0c   0x08015d0c   0x0000000e   Code   RO         1818    .text               mc_w.l(strlen.o)
    0x08015d1a   0x08015d1a   0x0000001c   Code   RO         1820    .text               mc_w.l(strcmp.o)
    0x08015d36   0x08015d36   0x0000001a   Code   RO         1822    .text               mc_w.l(memcmp.o)
    0x08015d50   0x08015d50   0x00000012   Code   RO         1824    .text               mc_w.l(strcpy.o)
    0x08015d62   0x08015d62   0x0000001e   Code   RO         1826    .text               mc_w.l(strncmp.o)
    0x08015d80   0x08015d80   0x00000044   Code   RO         1828    .text               mc_w.l(strtok_r.o)
    0x08015dc4   0x08015dc4   0x0000014e   Code   RO         2122    .text               mf_w.l(dadd.o)
    0x08015f12   0x08015f12   0x000000e4   Code   RO         2124    .text               mf_w.l(dmul.o)
    0x08015ff6   0x08015ff6   0x000000de   Code   RO         2126    .text               mf_w.l(ddiv.o)
    0x080160d4   0x080160d4   0x0000001a   Code   RO         2128    .text               mf_w.l(dfltui.o)
    0x080160ee   0x080160ee   0x00000026   Code   RO         2130    .text               mf_w.l(f2d.o)
    0x08016114   0x08016114   0x00000038   Code   RO         2132    .text               mf_w.l(d2f.o)
    0x0801614c   0x0801614c   0x0000002c   Code   RO         2186    .text               mc_w.l(uidiv.o)
    0x08016178   0x08016178   0x00000062   Code   RO         2188    .text               mc_w.l(uldiv.o)
    0x080161da   0x080161da   0x0000001e   Code   RO         2190    .text               mc_w.l(llshl.o)
    0x080161f8   0x080161f8   0x00000024   Code   RO         2192    .text               mc_w.l(llsshr.o)
    0x0801621c   0x0801621c   0x00000000   Code   RO         2203    .text               mc_w.l(iusefp.o)
    0x0801621c   0x0801621c   0x0000006e   Code   RO         2204    .text               mf_w.l(fepilogue.o)
    0x0801628a   0x0801628a   0x000000ba   Code   RO         2206    .text               mf_w.l(depilogue.o)
    0x08016344   0x08016344   0x0000002e   Code   RO         2210    .text               mf_w.l(dscalb.o)
    0x08016372   0x08016372   0x00000022   Code   RO         2212    .text               mf_w.l(dflti.o)
    0x08016394   0x08016394   0x00000030   Code   RO         2214    .text               mf_w.l(dfixul.o)
    0x080163c4   0x080163c4   0x00000030   Code   RO         2216    .text               mf_w.l(cdrcmple.o)
    0x080163f4   0x080163f4   0x00000024   Code   RO         2218    .text               mc_w.l(init.o)
    0x08016418   0x08016418   0x00000020   Code   RO         2220    .text               mc_w.l(llushr.o)
    0x08016438   0x08016438   0x000000a2   Code   RO         2222    .text               mf_w.l(dsqrt.o)
    0x080164da   0x080164da   0x0000005e   Code   RO         2234    .text               mc_w.l(__dclz77c.o)
    0x08016538   0x08016538   0x00000020   Code   RO         2066    i.__0printf         mc_w.l(printfa.o)
    0x08016558   0x08016558   0x00000028   Code   RO         2068    i.__0sprintf        mc_w.l(printfa.o)
    0x08016580   0x08016580   0x00000030   Code   RO         2154    i.__ARM_fpclassify  m_wm.l(fpclassify.o)
    0x080165b0   0x080165b0   0x00000c50   Code   RO         1795    i.__hardfp_pow      m_wm.l(pow.o)
    0x08017200   0x08017200   0x000000f8   Code   RO         2156    i.__kernel_poly     m_wm.l(poly.o)
    0x080172f8   0x080172f8   0x00000030   Code   RO         2134    i.__mathlib_dbl_divzero  m_wm.l(dunder.o)
    0x08017328   0x08017328   0x00000014   Code   RO         2136    i.__mathlib_dbl_infnan2  m_wm.l(dunder.o)
    0x0801733c   0x0801733c   0x00000004   PAD
    0x08017340   0x08017340   0x00000020   Code   RO         2137    i.__mathlib_dbl_invalid  m_wm.l(dunder.o)
    0x08017360   0x08017360   0x00000020   Code   RO         2138    i.__mathlib_dbl_overflow  m_wm.l(dunder.o)
    0x08017380   0x08017380   0x00000020   Code   RO         2140    i.__mathlib_dbl_underflow  m_wm.l(dunder.o)
    0x080173a0   0x080173a0   0x0000000e   Code   RO         2228    i.__scatterload_copy  mc_w.l(handlers.o)
    0x080173ae   0x080173ae   0x00000002   Code   RO         2229    i.__scatterload_null  mc_w.l(handlers.o)
    0x080173b0   0x080173b0   0x0000000e   Code   RO         2230    i.__scatterload_zeroinit  mc_w.l(handlers.o)
    0x080173be   0x080173be   0x00000002   PAD
    0x080173c0   0x080173c0   0x0000000c   Code   RO         2198    i.__set_errno       mc_w.l(errno.o)
    0x080173cc   0x080173cc   0x00000184   Code   RO         2073    i._fp_digits        mc_w.l(printfa.o)
    0x08017550   0x08017550   0x000006dc   Code   RO         2074    i._printf_core      mc_w.l(printfa.o)
    0x08017c2c   0x08017c2c   0x00000024   Code   RO         2075    i._printf_post_padding  mc_w.l(printfa.o)
    0x08017c50   0x08017c50   0x0000002e   Code   RO         2076    i._printf_pre_padding  mc_w.l(printfa.o)
    0x08017c7e   0x08017c7e   0x0000000a   Code   RO         2078    i._sputc            mc_w.l(printfa.o)
    0x08017c88   0x08017c88   0x00000018   Code   RO         2150    i.fabs              m_wm.l(fabs.o)
    0x08017ca0   0x08017ca0   0x00000050   Code   RO         2094    i.free              mc_w.l(malloc.o)
    0x08017cf0   0x08017cf0   0x0000006c   Code   RO         2095    i.malloc            mc_w.l(malloc.o)
    0x08017d5c   0x08017d5c   0x0000006e   Code   RO         2161    i.sqrt              m_wm.l(sqrt.o)
    0x08017dca   0x08017dca   0x00000008   Data   RO          279    .constdata          stm32f4xx_hal_dma.o
    0x08017dd2   0x08017dd2   0x00000010   Data   RO          400    .constdata          stm32f4xx_hal_rcc.o
    0x08017de2   0x08017de2   0x00000014   Data   RO          751    .constdata          tm_stm32_dma.o
    0x08017df6   0x08017df6   0x00000002   PAD
    0x08017df8   0x08017df8   0x0000003c   Data   RO         1050    .constdata          main.o
    0x08017e34   0x08017e34   0x00000010   Data   RO         1415    .constdata          system_stm32f4xx.o
    0x08017e44   0x08017e44   0x00000004   PAD
    0x08017e48   0x08017e48   0x00000088   Data   RO         1798    .constdata          m_wm.l(pow.o)
    0x08017ed0   0x08017ed0   0x00000008   Data   RO         2158    .constdata          m_wm.l(qnan.o)
    0x08017ed8   0x08017ed8   0x0000001d   Data   RO         1051    .conststring        main.o
    0x08017ef5   0x08017ef5   0x00000003   PAD
    0x08017ef8   0x08017ef8   0x00000020   Data   RO         2226    Region$$Table       anon$$obj.o


    Execution Region RW_IRAM1 (Exec base: 0x20000000, Load base: 0x08017f18, Size: 0x00007230, Max: 0x00020000, ABSOLUTE, COMPRESSED[0x0000043c])

    Exec Addr    Load Addr    Size         Type   Attr      Idx    E Section Name        Object

    0x20000000   COMPRESSED   0x00000004   Data   RW           14    .data               stm32f4xx_hal.o
    0x20000004   COMPRESSED   0x00000008   Data   RW          689    .data               tm_stm32_delay.o
    0x2000000c   COMPRESSED   0x0000001c   Data   RW          868    .data               tm_stm32_rtc.o
    0x20000028   COMPRESSED   0x00000078   Data   RW          898    .data               tm_stm32_usart.o
    0x200000a0   COMPRESSED   0x000014f0   Data   RW         1052    .data               main.o
    0x20001590   COMPRESSED   0x00000004   Data   RW         1416    .data               system_stm32f4xx.o
    0x20001594   COMPRESSED   0x0000002f   Data   RW         1444    .data               gsm.o
    0x200015c3   COMPRESSED   0x00000001   PAD
    0x200015c4   COMPRESSED   0x00000004   Data   RW         1558    .data               gsm_ll.o
    0x200015c8   COMPRESSED   0x00000038   Data   RW         1700    .data               tasks.o
    0x20001600   COMPRESSED   0x0000000c   Data   RW         1737    .data               port_cm4.o
    0x2000160c   COMPRESSED   0x00000018   Data   RW         1782    .data               heap_4.o
    0x20001624   COMPRESSED   0x00000004   Data   RW         1829    .data               mc_w.l(strtok_r.o)
    0x20001628   COMPRESSED   0x00000004   Data   RW         2185    .data               mc_w.l(stdout.o)
    0x2000162c   COMPRESSED   0x00000004   Data   RW         2194    .data               mc_w.l(mvars.o)
    0x20001630   COMPRESSED   0x00000004   Data   RW         2195    .data               mc_w.l(mvars.o)
    0x20001634   COMPRESSED   0x00000004   Data   RW         2199    .data               mc_w.l(errno.o)
    0x20001638        -       0x00000018   Zero   RW          688    .bss                tm_stm32_delay.o
    0x20001650        -       0x0000001a   Zero   RW          817    .bss                tm_stm32_gpio.o
    0x2000166a   COMPRESSED   0x00000002   PAD
    0x2000166c        -       0x00000034   Zero   RW          867    .bss                tm_stm32_rtc.o
    0x200016a0        -       0x00000100   Zero   RW          897    .bss                tm_stm32_usart.o
    0x200017a0        -       0x00000044   Zero   RW          957    .bss                tm_stm32_adc.o
    0x200017e4        -       0x00000664   Zero   RW         1049    .bss                main.o
    0x20001e48        -       0x000002b8   Zero   RW         1443    .bss                gsm.o
    0x20002100        -       0x00000040   Zero   RW         1684    .bss                queue.o
    0x20002140        -       0x000000f0   Zero   RW         1699    .bss                tasks.o
    0x20002230        -       0x00003c00   Zero   RW         1781    .bss                heap_4.o
    0x20005e30        -       0x00001000   Zero   RW            2    HEAP                startup_stm32f407xx.o
    0x20006e30        -       0x00000400   Zero   RW            1    STACK               startup_stm32f407xx.o


==============================================================================

Image component sizes


      Code (inc. data)   RO Data    RW Data    ZI Data      Debug   Object Name

      1042          0          0          0          0       6843   buffer.o
      2296         12          0          0          0      20638   cmsis_os.o
         0          0          0          0          0      10768   event_groups.o
     33268       1888          0         47        696      92653   gsm.o
       264         22          0          4          0      24328   gsm_ll.o
       484         24          0         24      15360       3684   heap_4.o
       148          0          0          0          0       2198   list.o
      9840       2066         89       5360       1636     305188   main.o
       590         50          0         12          0       6227   port_cm4.o
      1996         12          0          0         64      13006   queue.o
        36          8        392          0       5120       1048   startup_stm32f407xx.o
       596         26          0          4          0     392714   stm32f4xx_hal.o
      2460         70          0          0          0       7907   stm32f4xx_hal_adc.o
      1824         40          0          0          0       5954   stm32f4xx_hal_adc_ex.o
       796         20          0          0          0      32019   stm32f4xx_hal_cortex.o
      1560         16          8          0          0       5288   stm32f4xx_hal_dma.o
       960         50          0          0          0       3923   stm32f4xx_hal_gpio.o
       524         20          0          0          0       3843   stm32f4xx_hal_pwr.o
      2612         64         16          0          0       5914   stm32f4xx_hal_rcc.o
       608         32          0          0          0       2104   stm32f4xx_hal_rcc_ex.o
      2984         20          0          0          0       8509   stm32f4xx_hal_rtc.o
      3486         18          0          0          0      13229   stm32f4xx_hal_rtc_ex.o
      3940         28          0          0          0      12919   stm32f4xx_hal_uart.o
        30          0          0          0          0       1369   stm32fxxx_it.o
       288         32         16          4          0       1731   system_stm32f4xx.o
      4804        292          0         56        240      29163   tasks.o
      1012         46          0          0         68       6786   tm_stm32_adc.o
       846          0          0          0          0       9126   tm_stm32_buffer.o
       628         20          0          8         24       7236   tm_stm32_delay.o
       788         22         20          0          0       7113   tm_stm32_dma.o
      1288         12          0          0          0       7825   tm_stm32_ds18b20.o
       768         10          0          0         26       5896   tm_stm32_gpio.o
      1050         10          0          0          0       7811   tm_stm32_onewire.o
       172         10          0          0          0       1308   tm_stm32_rcc.o
      2560         78          0         28         52       9173   tm_stm32_rtc.o
      2288        128          0        120        256      15784   tm_stm32_usart.o

    ----------------------------------------------------------------------
     88848       5146        582       5668      23544    1091225   Object Totals
         0          0         32          0          0          0   (incl. Generated)
        12          0          9          1          2          0   (incl. Padding)

    ----------------------------------------------------------------------

      Code (inc. data)   RO Data    RW Data    ZI Data      Debug   Library Member Name

       164         44          0          0          0        620   dunder.o
        24          0          0          0          0        124   fabs.o
        48          0          0          0          0        124   fpclassify.o
       248          0          0          0          0        152   poly.o
      3152        296        136          0          0        352   pow.o
         0          0          8          0          0          0   qnan.o
       110          0          0          0          0        148   sqrt.o
        94          0          0          0          0          0   __dclz77c.o
         0          0          0          0          0          0   entry.o
         0          0          0          0          0          0   entry10a.o
         0          0          0          0          0          0   entry11a.o
         8          4          0          0          0          0   entry2.o
         4          0          0          0          0          0   entry5.o
         0          0          0          0          0          0   entry7b.o
         0          0          0          0          0          0   entry8b.o
         8          4          0          0          0          0   entry9a.o
        12          6          0          4          0         68   errno.o
        30          0          0          0          0          0   handlers.o
        36          8          0          0          0         68   init.o
         0          0          0          0          0          0   iusefp.o
        30          0          0          0          0         68   llshl.o
        36          0          0          0          0         68   llsshr.o
        32          0          0          0          0         68   llushr.o
       188         20          0          0          0        160   malloc.o
        26          0          0          0          0         80   memcmp.o
        36          0          0          0          0         68   memcpya.o
        36          0          0          0          0        108   memseta.o
         0          0          0          8          0          0   mvars.o
      2308         96          0          0          0        604   printfa.o
         0          0          0          4          0          0   stdout.o
        28          0          0          0          0         76   strcmp.o
        18          0          0          0          0         68   strcpy.o
        14          0          0          0          0         68   strlen.o
        30          0          0          0          0         80   strncmp.o
        24          0          0          0          0         76   strncpy.o
        68          4          0          4          0         96   strtok_r.o
        44          0          0          0          0         80   uidiv.o
        98          0          0          0          0         92   uldiv.o
        48          0          0          0          0         68   cdrcmple.o
        56          0          0          0          0         88   d2f.o
       334          0          0          0          0        148   dadd.o
       222          0          0          0          0        100   ddiv.o
       186          0          0          0          0        176   depilogue.o
        48          0          0          0          0         68   dfixul.o
        34          0          0          0          0         76   dflti.o
        26          0          0          0          0         76   dfltui.o
       228          0          0          0          0         96   dmul.o
        46          0          0          0          0         80   dscalb.o
       162          0          0          0          0        100   dsqrt.o
        38          0          0          0          0         68   f2d.o
       110          0          0          0          0        168   fepilogue.o

    ----------------------------------------------------------------------
      8498        482        144         20          0       4828   Library Totals
         6          0          0          0          0          0   (incl. Padding)

    ----------------------------------------------------------------------

      Code (inc. data)   RO Data    RW Data    ZI Data      Debug   Library Name

      3746        340        144          0          0       1520   m_wm.l
      3208        142          0         20          0       1996   mc_w.l
      1538          0          0          0          0       1312   mf_w.l

    ----------------------------------------------------------------------
      8498        482        144         20          0       4828   Library Totals

    ----------------------------------------------------------------------

==============================================================================


      Code (inc. data)   RO Data    RW Data    ZI Data      Debug   

     97346       5628        726       5688      23544    1083217   Grand Totals
     97346       5628        726       1084      23544    1083217   ELF Image Totals (compressed)
     97346       5628        726       1084          0          0   ROM Totals

==============================================================================

    Total RO  Size (Code + RO Data)                98072 (  95.77kB)
    Total RW  Size (RW Data + ZI Data)             29232 (  28.55kB)
    Total ROM Size (Code + RO Data + RW Data)      99156 (  96.83kB)

==============================================================================

